../Core/Src/DC_MOTOR.c:31:6:DCM_Init	8	static
../Core/Src/DC_MOTOR.c:49:6:DCM_Move	16	static
../Core/Src/DC_MOTOR.c:82:6:DCM_Stop	16	static
../Core/Src/DC_MOTOR.c:98:6:App_CarMoveForward	16	static
../Core/Src/DC_MOTOR.c:110:7:App_CarMoveReverse	16	static
../Core/Src/DC_MOTOR.c:122:6:App_CarMoveRight	16	static
../Core/Src/DC_MOTOR.c:135:7:App_CarMoveLeft	16	static
../Core/Src/DC_MOTOR.c:147:6:App_CarStop	8	static
../Core/Src/DC_MOTOR.c:158:6:Set_Speed	16	static
../Core/Src/DC_MOTOR.c:169:10:Send_Speed	4	static
