../Core/Src/Bootloader_PROGRAM.c:42:6:BL_Check_Active_Bank	24	static
../Core/Src/Bootloader_PROGRAM.c:100:5:BL_u32Check_Bank2	24	static
../Core/Src/Bootloader_PROGRAM.c:127:4:BL_u8Check_Bank_Validity	24	static
../Core/Src/Bootloader_PROGRAM.c:157:6:BL_voidUpdate_Control_Page	40	static
../Core/Src/Bootloader_PROGRAM.c:213:6:BL_void_Jump_To_Bootloader	8	static
../Core/Src/Bootloader_PROGRAM.c:223:6:BL_voidJump_To_Bank	16	static
../Core/Src/Bootloader_PROGRAM.c:243:5:BL_u32Calculate_CRC_Bank1	24	static
../Core/Src/Bootloader_PROGRAM.c:263:5:BL_u32Calculate_CRC_Bank2	24	static
../Core/Src/Bootloader_PROGRAM.c:285:6:BL_voidCopy_Bank2_To_Bank1	40	static
../Core/Src/Bootloader_PROGRAM.c:345:6:BL_voidCopy_Bank1_To_Bank2	40	static
../Core/Src/Bootloader_PROGRAM.c:402:6:BL_voidSet_Specifying_Flag_Make_SW_Reset	8	static
../Core/Src/Bootloader_PROGRAM.c:416:6:BL_voidRecieve_APP	16	static
../Core/Src/Bootloader_PROGRAM.c:481:6:BL_voidVector_Table_Offset	4	static
../Core/Src/Bootloader_PROGRAM.c:492:6:BL_void_Finish_Bootloader	8	static
