22:38:57 **** Incremental Build of configuration Debug for project NRF ****
make -j8 all 
arm-none-eabi-gcc "../Core/Src/main.c" -mcpu=cortex-m4 -std=gnu11 -g3 -DDEBUG -DUSE_HAL_DRIVER -DSTM32F401xC -c -I../Core/Inc -I../Drivers/STM32F4xx_HAL_Driver/Inc -I../Drivers/STM32F4xx_HAL_Driver/Inc/Legacy -I../Drivers/CMSIS/Device/ST/STM32F4xx/Include -I../Drivers/CMSIS/Include -O0 -ffunction-sections -fdata-sections -Wall -fstack-usage -fcyclomatic-complexity -MMD -MP -MF"Core/Src/main.d" -MT"Core/Src/main.o" --specs=nano.specs -mfpu=fpv4-sp-d16 -mfloat-abi=hard -mthumb -o "Core/Src/main.o"
arm-none-eabi-gcc -o "NRF.elf" @"objects.list"   -mcpu=cortex-m4 -T"E:\plan\projects\ITI\Graduation Project\NRF\STM32F401CCUX_FLASH.ld" --specs=nosys.specs -Wl,-Map="NRF.map" -Wl,--gc-sections -static --specs=nano.specs -mfpu=fpv4-sp-d16 -mfloat-abi=hard -mthumb -Wl,--start-group -lc -lm -Wl,--end-group
Finished building target: NRF.elf
 
arm-none-eabi-size  NRF.elf 
arm-none-eabi-objdump -h -S NRF.elf  > "NRF.list"
arm-none-eabi-objcopy  -O ihex NRF.elf  "NRF.hex"
   text	   data	    bss	    dec	    hex	filename
  13316	     20	   1740	  15076	   3ae4	NRF.elf
Finished building: default.size.stdout
 
Finished building: NRF.hex
 
Finished building: NRF.list
 
