../Core/Src/DC_MOTOR.c:31:6:DCM_Init	8	static
../Core/Src/DC_MOTOR.c:49:6:DCM_Move	16	static
../Core/Src/DC_MOTOR.c:82:6:DCM_Stop	16	static
../Core/Src/DC_MOTOR.c:98:6:App_CarMoveForward	16	static
../Core/Src/DC_MOTOR.c:110:7:App_CarMoveReverse	16	static
../Core/Src/DC_MOTOR.c:122:6:App_CarMoveRight	16	static
../Core/Src/DC_MOTOR.c:136:7:App_CarMoveLeft	16	static
../Core/Src/DC_MOTOR.c:148:6:App_CarStop	8	static
../Core/Src/DC_MOTOR.c:154:6:set_speed	16	static
../Core/Src/DC_MOTOR.c:159:9:Send_Speed	4	static
