Archive member included to satisfy reference by file (symbol)

C:/ST/STM32CubeIDE_1.10.1/STM32CubeIDE/plugins/com.st.stm32cube.ide.mcu.externaltools.gnu-tools-for-stm32.11.3.rel1.win32_1.1.100.202309141235/tools/bin/../lib/gcc/arm-none-eabi/11.3.1/../../../../arm-none-eabi/lib/thumb/v7e-m+fp/hard\libc_nano.a(libc_a-exit.o)
                              C:/ST/STM32CubeIDE_1.10.1/STM32CubeIDE/plugins/com.st.stm32cube.ide.mcu.externaltools.gnu-tools-for-stm32.11.3.rel1.win32_1.1.100.202309141235/tools/bin/../lib/gcc/arm-none-eabi/11.3.1/../../../../arm-none-eabi/lib/thumb/v7e-m+fp/hard/crt0.o (exit)
C:/ST/STM32CubeIDE_1.10.1/STM32CubeIDE/plugins/com.st.stm32cube.ide.mcu.externaltools.gnu-tools-for-stm32.11.3.rel1.win32_1.1.100.202309141235/tools/bin/../lib/gcc/arm-none-eabi/11.3.1/../../../../arm-none-eabi/lib/thumb/v7e-m+fp/hard\libc_nano.a(libc_a-findfp.o)
                              C:/ST/STM32CubeIDE_1.10.1/STM32CubeIDE/plugins/com.st.stm32cube.ide.mcu.externaltools.gnu-tools-for-stm32.11.3.rel1.win32_1.1.100.202309141235/tools/bin/../lib/gcc/arm-none-eabi/11.3.1/../../../../arm-none-eabi/lib/thumb/v7e-m+fp/hard\libc_nano.a(libc_a-exit.o) (__stdio_exit_handler)
C:/ST/STM32CubeIDE_1.10.1/STM32CubeIDE/plugins/com.st.stm32cube.ide.mcu.externaltools.gnu-tools-for-stm32.11.3.rel1.win32_1.1.100.202309141235/tools/bin/../lib/gcc/arm-none-eabi/11.3.1/../../../../arm-none-eabi/lib/thumb/v7e-m+fp/hard\libc_nano.a(libc_a-fwalk.o)
                              C:/ST/STM32CubeIDE_1.10.1/STM32CubeIDE/plugins/com.st.stm32cube.ide.mcu.externaltools.gnu-tools-for-stm32.11.3.rel1.win32_1.1.100.202309141235/tools/bin/../lib/gcc/arm-none-eabi/11.3.1/../../../../arm-none-eabi/lib/thumb/v7e-m+fp/hard\libc_nano.a(libc_a-findfp.o) (_fwalk_sglue)
C:/ST/STM32CubeIDE_1.10.1/STM32CubeIDE/plugins/com.st.stm32cube.ide.mcu.externaltools.gnu-tools-for-stm32.11.3.rel1.win32_1.1.100.202309141235/tools/bin/../lib/gcc/arm-none-eabi/11.3.1/../../../../arm-none-eabi/lib/thumb/v7e-m+fp/hard\libc_nano.a(libc_a-stdio.o)
                              C:/ST/STM32CubeIDE_1.10.1/STM32CubeIDE/plugins/com.st.stm32cube.ide.mcu.externaltools.gnu-tools-for-stm32.11.3.rel1.win32_1.1.100.202309141235/tools/bin/../lib/gcc/arm-none-eabi/11.3.1/../../../../arm-none-eabi/lib/thumb/v7e-m+fp/hard\libc_nano.a(libc_a-findfp.o) (__sread)
C:/ST/STM32CubeIDE_1.10.1/STM32CubeIDE/plugins/com.st.stm32cube.ide.mcu.externaltools.gnu-tools-for-stm32.11.3.rel1.win32_1.1.100.202309141235/tools/bin/../lib/gcc/arm-none-eabi/11.3.1/../../../../arm-none-eabi/lib/thumb/v7e-m+fp/hard\libc_nano.a(libc_a-memset.o)
                              C:/ST/STM32CubeIDE_1.10.1/STM32CubeIDE/plugins/com.st.stm32cube.ide.mcu.externaltools.gnu-tools-for-stm32.11.3.rel1.win32_1.1.100.202309141235/tools/bin/../lib/gcc/arm-none-eabi/11.3.1/../../../../arm-none-eabi/lib/thumb/v7e-m+fp/hard/crt0.o (memset)
C:/ST/STM32CubeIDE_1.10.1/STM32CubeIDE/plugins/com.st.stm32cube.ide.mcu.externaltools.gnu-tools-for-stm32.11.3.rel1.win32_1.1.100.202309141235/tools/bin/../lib/gcc/arm-none-eabi/11.3.1/../../../../arm-none-eabi/lib/thumb/v7e-m+fp/hard\libc_nano.a(libc_a-closer.o)
                              C:/ST/STM32CubeIDE_1.10.1/STM32CubeIDE/plugins/com.st.stm32cube.ide.mcu.externaltools.gnu-tools-for-stm32.11.3.rel1.win32_1.1.100.202309141235/tools/bin/../lib/gcc/arm-none-eabi/11.3.1/../../../../arm-none-eabi/lib/thumb/v7e-m+fp/hard\libc_nano.a(libc_a-stdio.o) (_close_r)
C:/ST/STM32CubeIDE_1.10.1/STM32CubeIDE/plugins/com.st.stm32cube.ide.mcu.externaltools.gnu-tools-for-stm32.11.3.rel1.win32_1.1.100.202309141235/tools/bin/../lib/gcc/arm-none-eabi/11.3.1/../../../../arm-none-eabi/lib/thumb/v7e-m+fp/hard\libc_nano.a(libc_a-reent.o)
                              C:/ST/STM32CubeIDE_1.10.1/STM32CubeIDE/plugins/com.st.stm32cube.ide.mcu.externaltools.gnu-tools-for-stm32.11.3.rel1.win32_1.1.100.202309141235/tools/bin/../lib/gcc/arm-none-eabi/11.3.1/../../../../arm-none-eabi/lib/thumb/v7e-m+fp/hard\libc_nano.a(libc_a-closer.o) (errno)
C:/ST/STM32CubeIDE_1.10.1/STM32CubeIDE/plugins/com.st.stm32cube.ide.mcu.externaltools.gnu-tools-for-stm32.11.3.rel1.win32_1.1.100.202309141235/tools/bin/../lib/gcc/arm-none-eabi/11.3.1/../../../../arm-none-eabi/lib/thumb/v7e-m+fp/hard\libc_nano.a(libc_a-impure.o)
                              C:/ST/STM32CubeIDE_1.10.1/STM32CubeIDE/plugins/com.st.stm32cube.ide.mcu.externaltools.gnu-tools-for-stm32.11.3.rel1.win32_1.1.100.202309141235/tools/bin/../lib/gcc/arm-none-eabi/11.3.1/../../../../arm-none-eabi/lib/thumb/v7e-m+fp/hard\libc_nano.a(libc_a-reent.o) (_impure_ptr)
C:/ST/STM32CubeIDE_1.10.1/STM32CubeIDE/plugins/com.st.stm32cube.ide.mcu.externaltools.gnu-tools-for-stm32.11.3.rel1.win32_1.1.100.202309141235/tools/bin/../lib/gcc/arm-none-eabi/11.3.1/../../../../arm-none-eabi/lib/thumb/v7e-m+fp/hard\libc_nano.a(libc_a-lseekr.o)
[...]
Memory Configuration

Name             Origin             Length             Attributes
RAM              0x0000000020000000 0x0000000000010000 xrw
FLASH            0x0000000008000000 0x0000000000040000 xr
*default*        0x0000000000000000 0xffffffffffffffff

Linker script and memory map

LOAD C:/ST/STM32CubeIDE_1.10.1/STM32CubeIDE/plugins/com.st.stm32cube.ide.mcu.externaltools.gnu-tools-for-stm32.11.3.rel1.win32_1.1.100.202309141235/tools/bin/../lib/gcc/arm-none-eabi/11.3.1/thumb/v7e-m+fp/hard/crti.o
LOAD C:/ST/STM32CubeIDE_1.10.1/STM32CubeIDE/plugins/com.st.stm32cube.ide.mcu.externaltools.gnu-tools-for-stm32.11.3.rel1.win32_1.1.100.202309141235/tools/bin/../lib/gcc/arm-none-eabi/11.3.1/thumb/v7e-m+fp/hard/crtbegin.o
LOAD C:/ST/STM32CubeIDE_1.10.1/STM32CubeIDE/plugins/com.st.stm32cube.ide.mcu.externaltools.gnu-tools-for-stm32.11.3.rel1.win32_1.1.100.202309141235/tools/bin/../lib/gcc/arm-none-eabi/11.3.1/../../../../arm-none-eabi/lib/thumb/v7e-m+fp/hard/crt0.o
LOAD ./Core/Src/ACC_program.o
LOAD ./Core/Src/DC_MOTOR.o
LOAD ./Core/Src/UltraSonic.o
LOAD ./Core/Src/V2V_program.o
LOAD ./Core/Src/gpio.o
LOAD ./Core/Src/main.o
LOAD ./Core/Src/nrf24l01p.o
LOAD ./Core/Src/spi.o
LOAD ./Core/Src/stm32f4xx_hal_msp.o
LOAD ./Core/Src/stm32f4xx_it.o
LOAD ./Core/Src/syscalls.o
LOAD ./Core/Src/sysmem.o
LOAD ./Core/Src/system_stm32f4xx.o
LOAD ./Core/Src/tim.o
LOAD ./Core/Startup/startup_stm32f401ccux.o
LOAD ./Drivers/STM32F4xx_HAL_Driver/Src/stm32f4xx_hal.o
LOAD ./Drivers/STM32F4xx_HAL_Driver/Src/stm32f4xx_hal_cortex.o
LOAD ./Drivers/STM32F4xx_HAL_Driver/Src/stm32f4xx_hal_dma.o
LOAD ./Drivers/STM32F4xx_HAL_Driver/Src/stm32f4xx_hal_dma_ex.o
LOAD ./Drivers/STM32F4xx_HAL_Driver/Src/stm32f4xx_hal_exti.o
LOAD ./Drivers/STM32F4xx_HAL_Driver/Src/stm32f4xx_hal_flash.o
LOAD ./Drivers/STM32F4xx_HAL_Driver/Src/stm32f4xx_hal_flash_ex.o
LOAD ./Drivers/STM32F4xx_HAL_Driver/Src/stm32f4xx_hal_flash_ramfunc.o
LOAD ./Drivers/STM32F4xx_HAL_Driver/Src/stm32f4xx_hal_gpio.o
LOAD ./Drivers/STM32F4xx_HAL_Driver/Src/stm32f4xx_hal_pwr.o
LOAD ./Drivers/STM32F4xx_HAL_Driver/Src/stm32f4xx_hal_pwr_ex.o
LOAD ./Drivers/STM32F4xx_HAL_Driver/Src/stm32f4xx_hal_rcc.o
LOAD ./Drivers/STM32F4xx_HAL_Driver/Src/stm32f4xx_hal_rcc_ex.o
LOAD ./Drivers/STM32F4xx_HAL_Driver/Src/stm32f4xx_hal_spi.o
LOAD ./Drivers/STM32F4xx_HAL_Driver/Src/stm32f4xx_hal_tim.o
LOAD ./Drivers/STM32F4xx_HAL_Driver/Src/stm32f4xx_hal_tim_ex.o
START GROUP
LOAD C:/ST/STM32CubeIDE_1.10.1/STM32CubeIDE/plugins/com.st.stm32cube.ide.mcu.externaltools.gnu-tools-for-stm32.11.3.rel1.win32_1.1.100.202309141235/tools/bin/../lib/gcc/arm-none-eabi/11.3.1/../../../../arm-none-eabi/lib/thumb/v7e-m+fp/hard\libc_nano.a
LOAD C:/ST/STM32CubeIDE_1.10.1/STM32CubeIDE/plugins/com.st.stm32cube.ide.mcu.externaltools.gnu-tools-for-stm32.11.3.rel1.win32_1.1.100.202309141235/tools/bin/../lib/gcc/arm-none-eabi/11.3.1/../../../../arm-none-eabi/lib/thumb/v7e-m+fp/hard\libm.a
END GROUP
START GROUP
LOAD C:/ST/STM32CubeIDE_1.10.1/STM32CubeIDE/plugins/com.st.stm32cube.ide.mcu.externaltools.gnu-tools-for-stm32.11.3.rel1.win32_1.1.100.202309141235/tools/bin/../lib/gcc/arm-none-eabi/11.3.1/thumb/v7e-m+fp/hard\libgcc.a
LOAD C:/ST/STM32CubeIDE_1.10.1/STM32CubeIDE/plugins/com.st.stm32cube.ide.mcu.externaltools.gnu-tools-for-stm32.11.3.rel1.win32_1.1.100.202309141235/tools/bin/../lib/gcc/arm-none-eabi/11.3.1/../../../../arm-none-eabi/lib/thumb/v7e-m+fp/hard\libc_nano.a
END GROUP
START GROUP
LOAD C:/ST/STM32CubeIDE_1.10.1/STM32CubeIDE/plugins/com.st.stm32cube.ide.mcu.externaltools.gnu-tools-for-stm32.11.3.rel1.win32_1.1.100.202309141235/tools/bin/../lib/gcc/arm-none-eabi/11.3.1/thumb/v7e-m+fp/hard\libgcc.a
LOAD C:/ST/STM32CubeIDE_1.10.1/STM32CubeIDE/plugins/com.st.stm32cube.ide.mcu.externaltools.gnu-tools-for-stm32.11.3.rel1.win32_1.1.100.202309141235/tools/bin/../lib/gcc/arm-none-eabi/11.3.1/../../../../arm-none-eabi/lib/thumb/v7e-m+fp/hard\libc_nano.a
LOAD C:/ST/STM32CubeIDE_1.10.1/STM32CubeIDE/plugins/com.st.stm32cube.ide.mcu.externaltools.gnu-tools-for-stm32.11.3.rel1.win32_1.1.100.202309141235/tools/bin/../lib/gcc/arm-none-eabi/11.3.1/../../../../arm-none-eabi/lib/thumb/v7e-m+fp/hard\libnosys.a
END GROUP
START GROUP
LOAD C:/ST/STM32CubeIDE_1.10.1/STM32CubeIDE/plugins/com.st.stm32cube.ide.mcu.externaltools.gnu-tools-for-stm32.11.3.rel1.win32_1.1.100.202309141235/tools/bin/../lib/gcc/arm-none-eabi/11.3.1/thumb/v7e-m+fp/hard\libgcc.a
LOAD C:/ST/STM32CubeIDE_1.10.1/STM32CubeIDE/plugins/com.st.stm32cube.ide.mcu.externaltools.gnu-tools-for-stm32.11.3.rel1.win32_1.1.100.202309141235/tools/bin/../lib/gcc/arm-none-eabi/11.3.1/../../../../arm-none-eabi/lib/thumb/v7e-m+fp/hard\libc_nano.a
LOAD C:/ST/STM32CubeIDE_1.10.1/STM32CubeIDE/plugins/com.st.stm32cube.ide.mcu.externaltools.gnu-tools-for-stm32.11.3.rel1.win32_1.1.100.202309141235/tools/bin/../lib/gcc/arm-none-eabi/11.3.1/../../../../arm-none-eabi/lib/thumb/v7e-m+fp/hard\libnosys.a
END GROUP
LOAD C:/ST/STM32CubeIDE_1.10.1/STM32CubeIDE/plugins/com.st.stm32cube.ide.mcu.externaltools.gnu-tools-for-stm32.11.3.rel1.win32_1.1.100.202309141235/tools/bin/../lib/gcc/arm-none-eabi/11.3.1/thumb/v7e-m+fp/hard/crtend.o
LOAD C:/ST/STM32CubeIDE_1.10.1/STM32CubeIDE/plugins/com.st.stm32cube.ide.mcu.externaltools.gnu-tools-for-stm32.11.3.rel1.win32_1.1.100.202309141235/tools/bin/../lib/gcc/arm-none-eabi/11.3.1/thumb/v7e-m+fp/hard/crtn.o
                0x0000000020010000                _estack = (ORIGIN (RAM) + LENGTH (RAM))
                0x0000000000000200                _Min_Heap_Size = 0x200
                0x0000000000000400                _Min_Stack_Size = 0x400

.isr_vector     0x0000000008000000      0x194
                0x0000000008000000                . = ALIGN (0x4)
 *(.isr_vector)
 .isr_vector    0x0000000008000000      0x194 ./Core/Startup/startup_stm32f401ccux.o
                0x0000000008000000                g_pfnVectors
                0x0000000008000194                . = ALIGN (0x4)

.text           0x0000000008000198     0x4af4
                0x0000000008000198                . = ALIGN (0x4)
 *(.text)
 .text          0x0000000008000198       0x40 C:/ST/STM32CubeIDE_1.10.1/STM32CubeIDE/plugins/com.st.stm32cube.ide.mcu.externaltools.gnu-tools-for-stm32.11.3.rel1.win32_1.1.100.202309141235/tools/bin/../lib/gcc/arm-none-eabi/11.3.1/thumb/v7e-m+fp/hard/crtbegin.o
 .text          0x00000000080001d8      0x378 C:/ST/STM32CubeIDE_1.10.1/STM32CubeIDE/plugins/com.st.stm32cube.ide.mcu.externaltools.gnu-tools-for-stm32.11.3.rel1.win32_1.1.100.202309141235/tools/bin/../lib/gcc/arm-none-eabi/11.3.1/thumb/v7e-m+fp/hard\libgcc.a(_arm_addsubdf3.o)
                0x00000000080001d8                __aeabi_drsub
                0x00000000080001e0                __aeabi_dsub
                0x00000000080001e0                __subdf3
                0x00000000080001e4                __aeabi_dadd
                0x00000000080001e4                __adddf3
                0x000000000800045c                __floatunsidf
                0x000000000800045c                __aeabi_ui2d
                0x000000000800047c                __floatsidf
                0x000000000800047c                __aeabi_i2d
                0x00000000080004a0                __aeabi_f2d
                0x00000000080004a0                __extendsfdf2
                0x00000000080004e4                __floatundidf
                0x00000000080004e4                __aeabi_ul2d
                0x00000000080004f4                __floatdidf
                0x00000000080004f4                __aeabi_l2d
 .text          0x0000000008000550      0x424 C:/ST/STM32CubeIDE_1.10.1/STM32CubeIDE/plugins/com.st.stm32cube.ide.mcu.externaltools.gnu-tools-for-stm32.11.3.rel1.win32_1.1.100.202309141235/tools/bin/../lib/gcc/arm-none-eabi/11.3.1/thumb/v7e-m+fp/hard\libgcc.a(_arm_muldivdf3.o)
                0x0000000008000550                __aeabi_dmul
                0x0000000008000550                __muldf3
                0x00000000080007a4                __divdf3
                0x00000000080007a4                __aeabi_ddiv
 .text          0x0000000008000974       0x40 C:/ST/STM32CubeIDE_1.10.1/STM32CubeIDE/plugins/com.st.stm32cube.ide.mcu.externaltools.gnu-tools-for-stm32.11.3.rel1.win32_1.1.100.202309141235/tools/bin/../lib/gcc/arm-none-eabi/11.3.1/thumb/v7e-m+fp/hard\libgcc.a(_arm_fixunsdfsi.o)
                0x0000000008000974                __aeabi_d2uiz
                0x0000000008000974                __fixunsdfsi
 .text          0x00000000080009b4       0x30 C:/ST/STM32CubeIDE_1.10.1/STM32CubeIDE/plugins/com.st.stm32cube.ide.mcu.externaltools.gnu-tools-for-stm32.11.3.rel1.win32_1.1.100.202309141235/tools/bin/../lib/gcc/arm-none-eabi/11.3.1/thumb/v7e-m+fp/hard\libgcc.a(_aeabi_uldivmod.o)
                0x00000000080009b4                __aeabi_uldivmod
 .text          0x00000000080009e4      0x2c8 C:/ST/STM32CubeIDE_1.10.1/STM32CubeIDE/plugins/com.st.stm32cube.ide.mcu.externaltools.gnu-tools-for-stm32.11.3.rel1.win32_1.1.100.202309141235/tools/bin/../lib/gcc/arm-none-eabi/11.3.1/thumb/v7e-m+fp/hard\libgcc.a(_udivmoddi4.o)
                0x00000000080009e4                __udivmoddi4
 .text          0x0000000008000cac        0x4 C:/ST/STM32CubeIDE_1.10.1/STM32CubeIDE/plugins/com.st.stm32cube.ide.mcu.externaltools.gnu-tools-for-stm32.11.3.rel1.win32_1.1.100.202309141235/tools/bin/../lib/gcc/arm-none-eabi/11.3.1/thumb/v7e-m+fp/hard\libgcc.a(_dvmd_tls.o)
                0x0000000008000cac                __aeabi_idiv0
                0x0000000008000cac                __aeabi_ldiv0
 *(.text*)
 .text.ACC_voidInit
                0x0000000008000cb0       0x16 ./Core/Src/ACC_program.o
                0x0000000008000cb0                ACC_voidInit
 *fill*         0x0000000008000cc6        0x2 
 .text.ACC_voidRun
                0x0000000008000cc8       0x5c ./Core/Src/ACC_program.o
                0x0000000008000cc8                ACC_voidRun
 .text.DCM_Init
                0x0000000008000d24       0x1c ./Core/Src/DC_MOTOR.o
                0x0000000008000d24                DCM_Init
 .text.DCM_Move
                0x0000000008000d40       0xac ./Core/Src/DC_MOTOR.o
                0x0000000008000d40                DCM_Move
 .text.DCM_Stop
                0x0000000008000dec       0x34 ./Core/Src/DC_MOTOR.o
                0x0000000008000dec                DCM_Stop
 .text.App_CarMoveForward
                0x0000000008000e20       0x32 ./Core/Src/DC_MOTOR.o
                0x0000000008000e20                App_CarMoveForward
 .text.App_CarStop
                0x0000000008000e52       0x14 ./Core/Src/DC_MOTOR.o
                0x0000000008000e52                App_CarStop
 *fill*         0x0000000008000e66        0x2 
 .text.Set_Speed
                0x0000000008000e68       0x20 ./Core/Src/DC_MOTOR.o
                0x0000000008000e68                Set_Speed
 .text.UltraSonic_voidInit
                0x0000000008000e88       0x14 ./Core/Src/UltraSonic.o
                0x0000000008000e88                UltraSonic_voidInit
 .text.delay    0x0000000008000e9c       0x34 ./Core/Src/UltraSonic.o
                0x0000000008000e9c                delay
 .text.HAL_TIM_IC_CaptureCallback
                0x0000000008000ed0      0x140 ./Core/Src/UltraSonic.o
                0x0000000008000ed0                HAL_TIM_IC_CaptureCallback
 .text.HCSR04_Read
                0x0000000008001010       0x4c ./Core/Src/UltraSonic.o
                0x0000000008001010                HCSR04_Read
 .text.V2V_voidInit
                0x000000000800105c       0x44 ./Core/Src/V2V_program.o
                0x000000000800105c                V2V_voidInit
 .text.V2V_u8RecieveData
                0x00000000080010a0       0x4c ./Core/Src/V2V_program.o
                0x00000000080010a0                V2V_u8RecieveData
 .text.HAL_GPIO_EXTI_Callback
                0x00000000080010ec       0x48 ./Core/Src/V2V_program.o
                0x00000000080010ec                HAL_GPIO_EXTI_Callback
 .text.MX_GPIO_Init
                0x0000000008001134       0xe4 ./Core/Src/gpio.o
                0x0000000008001134                MX_GPIO_Init
 .text.main     0x0000000008001218       0x26 ./Core/Src/main.o
                0x0000000008001218                main
 *fill*         0x000000000800123e        0x2 
 .text.SystemClock_Config
                0x0000000008001240       0xc0 ./Core/Src/main.o
                0x0000000008001240                SystemClock_Config
 .text.Error_Handler
                0x0000000008001300        0xa ./Core/Src/main.o
                0x0000000008001300                Error_Handler
 *fill*         0x000000000800130a        0x2 
 .text.cs_high  0x000000000800130c       0x18 ./Core/Src/nrf24l01p.o
 .text.cs_low   0x0000000008001324       0x18 ./Core/Src/nrf24l01p.o
 .text.ce_high  0x000000000800133c       0x18 ./Core/Src/nrf24l01p.o
 .text.ce_low   0x0000000008001354       0x18 ./Core/Src/nrf24l01p.o
 .text.read_register
                0x000000000800136c       0x4c ./Core/Src/nrf24l01p.o
 .text.write_register
                0x00000000080013b8       0x5c ./Core/Src/nrf24l01p.o
 .text.nrf24l01p_rx_init
                0x0000000008001414       0x5c ./Core/Src/nrf24l01p.o
                0x0000000008001414                nrf24l01p_rx_init
 .text.nrf24l01p_tx_init
                0x0000000008001470       0x56 ./Core/Src/nrf24l01p.o
                0x0000000008001470                nrf24l01p_tx_init
 *fill*         0x00000000080014c6        0x2 
 .text.nrf24l01p_rx_receive
                0x00000000080014c8       0x28 ./Core/Src/nrf24l01p.o
                0x00000000080014c8                nrf24l01p_rx_receive
 .text.nrf24l01p_tx_irq
                0x00000000080014f0       0x48 ./Core/Src/nrf24l01p.o
                0x00000000080014f0                nrf24l01p_tx_irq
 .text.nrf24l01p_reset
                0x0000000008001538       0xa8 ./Core/Src/nrf24l01p.o
                0x0000000008001538                nrf24l01p_reset
 .text.nrf24l01p_prx_mode
                0x00000000080015e0       0x2a ./Core/Src/nrf24l01p.o
                0x00000000080015e0                nrf24l01p_prx_mode
 .text.nrf24l01p_ptx_mode
                0x000000000800160a       0x2a ./Core/Src/nrf24l01p.o
                0x000000000800160a                nrf24l01p_ptx_mode
 .text.nrf24l01p_read_rx_fifo
                0x0000000008001634       0x48 ./Core/Src/nrf24l01p.o
                0x0000000008001634                nrf24l01p_read_rx_fifo
 .text.nrf24l01p_flush_rx_fifo
                0x000000000800167c       0x30 ./Core/Src/nrf24l01p.o
                0x000000000800167c                nrf24l01p_flush_rx_fifo
 .text.nrf24l01p_flush_tx_fifo
                0x00000000080016ac       0x30 ./Core/Src/nrf24l01p.o
                0x00000000080016ac                nrf24l01p_flush_tx_fifo
 .text.nrf24l01p_get_status
                0x00000000080016dc       0x34 ./Core/Src/nrf24l01p.o
                0x00000000080016dc                nrf24l01p_get_status
 .text.nrf24l01p_rx_set_payload_widths
                0x0000000008001710       0x1c ./Core/Src/nrf24l01p.o
                0x0000000008001710                nrf24l01p_rx_set_payload_widths
 .text.nrf24l01p_clear_rx_dr
                0x000000000800172c       0x28 ./Core/Src/nrf24l01p.o
                0x000000000800172c                nrf24l01p_clear_rx_dr
 .text.nrf24l01p_clear_tx_ds
                0x0000000008001754       0x28 ./Core/Src/nrf24l01p.o
                0x0000000008001754                nrf24l01p_clear_tx_ds
 .text.nrf24l01p_clear_max_rt
                0x000000000800177c       0x28 ./Core/Src/nrf24l01p.o
                0x000000000800177c                nrf24l01p_clear_max_rt
 .text.nrf24l01p_power_up
                0x00000000080017a4       0x2a ./Core/Src/nrf24l01p.o
                0x00000000080017a4                nrf24l01p_power_up
 .text.nrf24l01p_set_crc_length
                0x00000000080017ce       0x46 ./Core/Src/nrf24l01p.o
                0x00000000080017ce                nrf24l01p_set_crc_length
 .text.nrf24l01p_set_address_widths
                0x0000000008001814       0x20 ./Core/Src/nrf24l01p.o
                0x0000000008001814                nrf24l01p_set_address_widths
 .text.nrf24l01p_auto_retransmit_count
                0x0000000008001834       0x36 ./Core/Src/nrf24l01p.o
                0x0000000008001834                nrf24l01p_auto_retransmit_count
 *fill*         0x000000000800186a        0x2 
 .text.nrf24l01p_auto_retransmit_delay
                0x000000000800186c       0x50 ./Core/Src/nrf24l01p.o
                0x000000000800186c                nrf24l01p_auto_retransmit_delay
 .text.nrf24l01p_set_rf_channel
                0x00000000080018bc       0x26 ./Core/Src/nrf24l01p.o
                0x00000000080018bc                nrf24l01p_set_rf_channel
 .text.nrf24l01p_set_rf_tx_output_power
                0x00000000080018e2       0x3a ./Core/Src/nrf24l01p.o
                0x00000000080018e2                nrf24l01p_set_rf_tx_output_power
 .text.nrf24l01p_set_rf_air_data_rate
                0x000000000800191c       0x52 ./Core/Src/nrf24l01p.o
                0x000000000800191c                nrf24l01p_set_rf_air_data_rate
 *fill*         0x000000000800196e        0x2 
 .text.MX_SPI2_Init
                0x0000000008001970       0x6c ./Core/Src/spi.o
                0x0000000008001970                MX_SPI2_Init
 .text.HAL_SPI_MspInit
                0x00000000080019dc       0x90 ./Core/Src/spi.o
                0x00000000080019dc                HAL_SPI_MspInit
 .text.HAL_MspInit
                0x0000000008001a6c       0x50 ./Core/Src/stm32f4xx_hal_msp.o
                0x0000000008001a6c                HAL_MspInit
 .text.NMI_Handler
                0x0000000008001abc        0x6 ./Core/Src/stm32f4xx_it.o
                0x0000000008001abc                NMI_Handler
 .text.HardFault_Handler
                0x0000000008001ac2        0x6 ./Core/Src/stm32f4xx_it.o
                0x0000000008001ac2                HardFault_Handler
 .text.MemManage_Handler
                0x0000000008001ac8        0x6 ./Core/Src/stm32f4xx_it.o
                0x0000000008001ac8                MemManage_Handler
 .text.BusFault_Handler
                0x0000000008001ace        0x6 ./Core/Src/stm32f4xx_it.o
                0x0000000008001ace                BusFault_Handler
 .text.UsageFault_Handler
                0x0000000008001ad4        0x6 ./Core/Src/stm32f4xx_it.o
                0x0000000008001ad4                UsageFault_Handler
 .text.SVC_Handler
                0x0000000008001ada        0xe ./Core/Src/stm32f4xx_it.o
                0x0000000008001ada                SVC_Handler
 .text.DebugMon_Handler
                0x0000000008001ae8        0xe ./Core/Src/stm32f4xx_it.o
                0x0000000008001ae8                DebugMon_Handler
 .text.PendSV_Handler
                0x0000000008001af6        0xe ./Core/Src/stm32f4xx_it.o
                0x0000000008001af6                PendSV_Handler
 .text.SysTick_Handler
                0x0000000008001b04        0xc ./Core/Src/stm32f4xx_it.o
                0x0000000008001b04                SysTick_Handler
 .text.TIM1_CC_IRQHandler
                0x0000000008001b10       0x14 ./Core/Src/stm32f4xx_it.o
                0x0000000008001b10                TIM1_CC_IRQHandler
 .text.EXTI15_10_IRQHandler
                0x0000000008001b24       0x10 ./Core/Src/stm32f4xx_it.o
                0x0000000008001b24                EXTI15_10_IRQHandler
 .text.SystemInit
                0x0000000008001b34       0x24 ./Core/Src/system_stm32f4xx.o
                0x0000000008001b34                SystemInit
 .text.MX_TIM1_Init
                0x0000000008001b58       0xac ./Core/Src/tim.o
                0x0000000008001b58                MX_TIM1_Init
 .text.MX_TIM2_Init
                0x0000000008001c04       0xc4 ./Core/Src/tim.o
                0x0000000008001c04                MX_TIM2_Init
 .text.HAL_TIM_IC_MspInit
                0x0000000008001cc8       0xa0 ./Core/Src/tim.o
                0x0000000008001cc8                HAL_TIM_IC_MspInit
 .text.HAL_TIM_PWM_MspInit
                0x0000000008001d68       0x40 ./Core/Src/tim.o
                0x0000000008001d68                HAL_TIM_PWM_MspInit
 .text.HAL_TIM_MspPostInit
                0x0000000008001da8       0x70 ./Core/Src/tim.o
                0x0000000008001da8                HAL_TIM_MspPostInit
 .text.Reset_Handler
                0x0000000008001e18       0x50 ./Core/Startup/startup_stm32f401ccux.o
                0x0000000008001e18                Reset_Handler
 .text.Default_Handler
                0x0000000008001e68        0x2 ./Core/Startup/startup_stm32f401ccux.o
                0x0000000008001e68                RTC_Alarm_IRQHandler
                0x0000000008001e68                EXTI2_IRQHandler
                0x0000000008001e68                SPI4_IRQHandler
                0x0000000008001e68                DMA2_Stream5_IRQHandler
                0x0000000008001e68                DMA1_Stream5_IRQHandler
                0x0000000008001e68                PVD_IRQHandler
                0x0000000008001e68                SDIO_IRQHandler
                0x0000000008001e68                TAMP_STAMP_IRQHandler
                0x0000000008001e68                EXTI3_IRQHandler
                0x0000000008001e68                TIM1_UP_TIM10_IRQHandler
                0x0000000008001e68                I2C3_ER_IRQHandler
                0x0000000008001e68                EXTI0_IRQHandler
                0x0000000008001e68                I2C2_EV_IRQHandler
                0x0000000008001e68                DMA1_Stream2_IRQHandler
                0x0000000008001e68                FPU_IRQHandler
                0x0000000008001e68                DMA2_Stream2_IRQHandler
                0x0000000008001e68                SPI1_IRQHandler
                0x0000000008001e68                TIM1_BRK_TIM9_IRQHandler
                0x0000000008001e68                DMA2_Stream3_IRQHandler
                0x0000000008001e68                USART6_IRQHandler
                0x0000000008001e68                DMA2_Stream0_IRQHandler
                0x0000000008001e68                TIM4_IRQHandler
                0x0000000008001e68                I2C1_EV_IRQHandler
                0x0000000008001e68                DMA1_Stream6_IRQHandler
                0x0000000008001e68                DMA1_Stream1_IRQHandler
                0x0000000008001e68                TIM3_IRQHandler
                0x0000000008001e68                RCC_IRQHandler
                0x0000000008001e68                Default_Handler
                0x0000000008001e68                ADC_IRQHandler
                0x0000000008001e68                DMA1_Stream7_IRQHandler
                0x0000000008001e68                TIM5_IRQHandler
                0x0000000008001e68                DMA2_Stream7_IRQHandler
                0x0000000008001e68                I2C3_EV_IRQHandler
                0x0000000008001e68                EXTI9_5_IRQHandler
                0x0000000008001e68                RTC_WKUP_IRQHandler
                0x0000000008001e68                SPI2_IRQHandler
                0x0000000008001e68                DMA1_Stream0_IRQHandler
                0x0000000008001e68                EXTI4_IRQHandler
                0x0000000008001e68                WWDG_IRQHandler
                0x0000000008001e68                TIM2_IRQHandler
                0x0000000008001e68                OTG_FS_WKUP_IRQHandler
                0x0000000008001e68                TIM1_TRG_COM_TIM11_IRQHandler
                0x0000000008001e68                EXTI1_IRQHandler
                0x0000000008001e68                USART2_IRQHandler
                0x0000000008001e68                I2C2_ER_IRQHandler
                0x0000000008001e68                DMA2_Stream1_IRQHandler
                0x0000000008001e68                FLASH_IRQHandler
                0x0000000008001e68                DMA2_Stream4_IRQHandler
                0x0000000008001e68                USART1_IRQHandler
                0x0000000008001e68                OTG_FS_IRQHandler
                0x0000000008001e68                SPI3_IRQHandler
                0x0000000008001e68                DMA1_Stream4_IRQHandler
                0x0000000008001e68                I2C1_ER_IRQHandler
                0x0000000008001e68                DMA2_Stream6_IRQHandler
                0x0000000008001e68                DMA1_Stream3_IRQHandler
 *fill*         0x0000000008001e6a        0x2 
 .text.HAL_Init
                0x0000000008001e6c       0x44 ./Drivers/STM32F4xx_HAL_Driver/Src/stm32f4xx_hal.o
                0x0000000008001e6c                HAL_Init
 .text.HAL_InitTick
                0x0000000008001eb0       0x60 ./Drivers/STM32F4xx_HAL_Driver/Src/stm32f4xx_hal.o
                0x0000000008001eb0                HAL_InitTick
 .text.HAL_IncTick
                0x0000000008001f10       0x28 ./Drivers/STM32F4xx_HAL_Driver/Src/stm32f4xx_hal.o
                0x0000000008001f10                HAL_IncTick
 .text.HAL_GetTick
                0x0000000008001f38       0x18 ./Drivers/STM32F4xx_HAL_Driver/Src/stm32f4xx_hal.o
                0x0000000008001f38                HAL_GetTick
 .text.HAL_Delay
                0x0000000008001f50       0x48 ./Drivers/STM32F4xx_HAL_Driver/Src/stm32f4xx_hal.o
                0x0000000008001f50                HAL_Delay
 .text.__NVIC_SetPriorityGrouping
                0x0000000008001f98       0x48 ./Drivers/STM32F4xx_HAL_Driver/Src/stm32f4xx_hal_cortex.o
 .text.__NVIC_GetPriorityGrouping
                0x0000000008001fe0       0x1c ./Drivers/STM32F4xx_HAL_Driver/Src/stm32f4xx_hal_cortex.o
 .text.__NVIC_EnableIRQ
                0x0000000008001ffc       0x3c ./Drivers/STM32F4xx_HAL_Driver/Src/stm32f4xx_hal_cortex.o
 .text.__NVIC_SetPriority
                0x0000000008002038       0x54 ./Drivers/STM32F4xx_HAL_Driver/Src/stm32f4xx_hal_cortex.o
 .text.NVIC_EncodePriority
                0x000000000800208c       0x66 ./Drivers/STM32F4xx_HAL_Driver/Src/stm32f4xx_hal_cortex.o
 *fill*         0x00000000080020f2        0x2 
 .text.SysTick_Config
                0x00000000080020f4       0x44 ./Drivers/STM32F4xx_HAL_Driver/Src/stm32f4xx_hal_cortex.o
 .text.HAL_NVIC_SetPriorityGrouping
                0x0000000008002138       0x16 ./Drivers/STM32F4xx_HAL_Driver/Src/stm32f4xx_hal_cortex.o
                0x0000000008002138                HAL_NVIC_SetPriorityGrouping
 .text.HAL_NVIC_SetPriority
                0x000000000800214e       0x38 ./Drivers/STM32F4xx_HAL_Driver/Src/stm32f4xx_hal_cortex.o
                0x000000000800214e                HAL_NVIC_SetPriority
 .text.HAL_NVIC_EnableIRQ
                0x0000000008002186       0x1c ./Drivers/STM32F4xx_HAL_Driver/Src/stm32f4xx_hal_cortex.o
                0x0000000008002186                HAL_NVIC_EnableIRQ
 .text.HAL_SYSTICK_Config
                0x00000000080021a2       0x18 ./Drivers/STM32F4xx_HAL_Driver/Src/stm32f4xx_hal_cortex.o
                0x00000000080021a2                HAL_SYSTICK_Config
 *fill*         0x00000000080021ba        0x2 
 .text.HAL_GPIO_Init
                0x00000000080021bc      0x308 ./Drivers/STM32F4xx_HAL_Driver/Src/stm32f4xx_hal_gpio.o
                0x00000000080021bc                HAL_GPIO_Init
 .text.HAL_GPIO_WritePin
                0x00000000080024c4       0x32 ./Drivers/STM32F4xx_HAL_Driver/Src/stm32f4xx_hal_gpio.o
                0x00000000080024c4                HAL_GPIO_WritePin
 .text.HAL_GPIO_TogglePin
                0x00000000080024f6       0x34 ./Drivers/STM32F4xx_HAL_Driver/Src/stm32f4xx_hal_gpio.o
                0x00000000080024f6                HAL_GPIO_TogglePin
 *fill*         0x000000000800252a        0x2 
 .text.HAL_GPIO_EXTI_IRQHandler
                0x000000000800252c       0x30 ./Drivers/STM32F4xx_HAL_Driver/Src/stm32f4xx_hal_gpio.o
                0x000000000800252c                HAL_GPIO_EXTI_IRQHandler
 .text.HAL_RCC_OscConfig
                0x000000000800255c      0x4f0 ./Drivers/STM32F4xx_HAL_Driver/Src/stm32f4xx_hal_rcc.o
                0x000000000800255c                HAL_RCC_OscConfig
 .text.HAL_RCC_ClockConfig
                0x0000000008002a4c      0x1cc ./Drivers/STM32F4xx_HAL_Driver/Src/stm32f4xx_hal_rcc.o
                0x0000000008002a4c                HAL_RCC_ClockConfig
 .text.HAL_RCC_GetSysClockFreq
                0x0000000008002c18      0x18c ./Drivers/STM32F4xx_HAL_Driver/Src/stm32f4xx_hal_rcc.o
                0x0000000008002c18                HAL_RCC_GetSysClockFreq
 .text.HAL_SPI_Init
                0x0000000008002da4      0x112 ./Drivers/STM32F4xx_HAL_Driver/Src/stm32f4xx_hal_spi.o
                0x0000000008002da4                HAL_SPI_Init
 .text.HAL_SPI_Transmit
                0x0000000008002eb6      0x286 ./Drivers/STM32F4xx_HAL_Driver/Src/stm32f4xx_hal_spi.o
                0x0000000008002eb6                HAL_SPI_Transmit
 .text.HAL_SPI_Receive
                0x000000000800313c      0x230 ./Drivers/STM32F4xx_HAL_Driver/Src/stm32f4xx_hal_spi.o
                0x000000000800313c                HAL_SPI_Receive
 .text.HAL_SPI_TransmitReceive
                0x000000000800336c      0x360 ./Drivers/STM32F4xx_HAL_Driver/Src/stm32f4xx_hal_spi.o
                0x000000000800336c                HAL_SPI_TransmitReceive
 .text.SPI_WaitFlagStateUntilTimeout
                0x00000000080036cc      0x110 ./Drivers/STM32F4xx_HAL_Driver/Src/stm32f4xx_hal_spi.o
 .text.SPI_EndRxTransaction
                0x00000000080037dc       0xca ./Drivers/STM32F4xx_HAL_Driver/Src/stm32f4xx_hal_spi.o
 *fill*         0x00000000080038a6        0x2 
 .text.SPI_EndRxTxTransaction
                0x00000000080038a8       0xa8 ./Drivers/STM32F4xx_HAL_Driver/Src/stm32f4xx_hal_spi.o
 .text.HAL_TIM_PWM_Init
                0x0000000008003950       0x9e ./Drivers/STM32F4xx_HAL_Driver/Src/stm32f4xx_hal_tim.o
                0x0000000008003950                HAL_TIM_PWM_Init
 *fill*         0x00000000080039ee        0x2 
 .text.HAL_TIM_PWM_Start
                0x00000000080039f0      0x160 ./Drivers/STM32F4xx_HAL_Driver/Src/stm32f4xx_hal_tim.o
                0x00000000080039f0                HAL_TIM_PWM_Start
 .text.HAL_TIM_PWM_Stop
                0x0000000008003b50       0xc8 ./Drivers/STM32F4xx_HAL_Driver/Src/stm32f4xx_hal_tim.o
                0x0000000008003b50                HAL_TIM_PWM_Stop
 .text.HAL_TIM_IC_Init
                0x0000000008003c18       0x9e ./Drivers/STM32F4xx_HAL_Driver/Src/stm32f4xx_hal_tim.o
                0x0000000008003c18                HAL_TIM_IC_Init
 *fill*         0x0000000008003cb6        0x2 
 .text.HAL_TIM_IC_Start_IT
                0x0000000008003cb8      0x234 ./Drivers/STM32F4xx_HAL_Driver/Src/stm32f4xx_hal_tim.o
                0x0000000008003cb8                HAL_TIM_IC_Start_IT
 .text.HAL_TIM_IRQHandler
                0x0000000008003eec      0x1e0 ./Drivers/STM32F4xx_HAL_Driver/Src/stm32f4xx_hal_tim.o
                0x0000000008003eec                HAL_TIM_IRQHandler
 .text.HAL_TIM_IC_ConfigChannel
                0x00000000080040cc      0x138 ./Drivers/STM32F4xx_HAL_Driver/Src/stm32f4xx_hal_tim.o
                0x00000000080040cc                HAL_TIM_IC_ConfigChannel
 .text.HAL_TIM_PWM_ConfigChannel
                0x0000000008004204      0x184 ./Drivers/STM32F4xx_HAL_Driver/Src/stm32f4xx_hal_tim.o
                0x0000000008004204                HAL_TIM_PWM_ConfigChannel
 .text.HAL_TIM_ReadCapturedValue
                0x0000000008004388       0x88 ./Drivers/STM32F4xx_HAL_Driver/Src/stm32f4xx_hal_tim.o
                0x0000000008004388                HAL_TIM_ReadCapturedValue
 .text.HAL_TIM_PeriodElapsedCallback
                0x0000000008004410       0x14 ./Drivers/STM32F4xx_HAL_Driver/Src/stm32f4xx_hal_tim.o
                0x0000000008004410                HAL_TIM_PeriodElapsedCallback
 .text.HAL_TIM_OC_DelayElapsedCallback
                0x0000000008004424       0x14 ./Drivers/STM32F4xx_HAL_Driver/Src/stm32f4xx_hal_tim.o
                0x0000000008004424                HAL_TIM_OC_DelayElapsedCallback
 .text.HAL_TIM_PWM_PulseFinishedCallback
                0x0000000008004438       0x14 ./Drivers/STM32F4xx_HAL_Driver/Src/stm32f4xx_hal_tim.o
                0x0000000008004438                HAL_TIM_PWM_PulseFinishedCallback
 .text.HAL_TIM_TriggerCallback
                0x000000000800444c       0x14 ./Drivers/STM32F4xx_HAL_Driver/Src/stm32f4xx_hal_tim.o
                0x000000000800444c                HAL_TIM_TriggerCallback
 .text.TIM_Base_SetConfig
                0x0000000008004460      0x118 ./Drivers/STM32F4xx_HAL_Driver/Src/stm32f4xx_hal_tim.o
                0x0000000008004460                TIM_Base_SetConfig
 .text.TIM_OC1_SetConfig
                0x0000000008004578       0xcc ./Drivers/STM32F4xx_HAL_Driver/Src/stm32f4xx_hal_tim.o
 .text.TIM_OC2_SetConfig
                0x0000000008004644       0xd8 ./Drivers/STM32F4xx_HAL_Driver/Src/stm32f4xx_hal_tim.o
                0x0000000008004644                TIM_OC2_SetConfig
 .text.TIM_OC3_SetConfig
                0x000000000800471c       0xd4 ./Drivers/STM32F4xx_HAL_Driver/Src/stm32f4xx_hal_tim.o
 .text.TIM_OC4_SetConfig
                0x00000000080047f0       0xa0 ./Drivers/STM32F4xx_HAL_Driver/Src/stm32f4xx_hal_tim.o
 .text.TIM_TI1_SetConfig
                0x0000000008004890       0xd0 ./Drivers/STM32F4xx_HAL_Driver/Src/stm32f4xx_hal_tim.o
                0x0000000008004890                TIM_TI1_SetConfig
 .text.TIM_TI2_SetConfig
                0x0000000008004960       0x7a ./Drivers/STM32F4xx_HAL_Driver/Src/stm32f4xx_hal_tim.o
 .text.TIM_TI3_SetConfig
                0x00000000080049da       0x78 ./Drivers/STM32F4xx_HAL_Driver/Src/stm32f4xx_hal_tim.o
 .text.TIM_TI4_SetConfig
                0x0000000008004a52       0x7a ./Drivers/STM32F4xx_HAL_Driver/Src/stm32f4xx_hal_tim.o
 .text.TIM_CCxChannelCmd
                0x0000000008004acc       0x4a ./Drivers/STM32F4xx_HAL_Driver/Src/stm32f4xx_hal_tim.o
                0x0000000008004acc                TIM_CCxChannelCmd
 *fill*         0x0000000008004b16        0x2 
 .text.HAL_TIMEx_MasterConfigSynchronization
                0x0000000008004b18       0xdc ./Drivers/STM32F4xx_HAL_Driver/Src/stm32f4xx_hal_tim_ex.o
                0x0000000008004b18                HAL_TIMEx_MasterConfigSynchronization
 .text.HAL_TIMEx_CommutCallback
                0x0000000008004bf4       0x14 ./Drivers/STM32F4xx_HAL_Driver/Src/stm32f4xx_hal_tim_ex.o
                0x0000000008004bf4                HAL_TIMEx_CommutCallback
 .text.HAL_TIMEx_BreakCallback
                0x0000000008004c08       0x14 ./Drivers/STM32F4xx_HAL_Driver/Src/stm32f4xx_hal_tim_ex.o
                0x0000000008004c08                HAL_TIMEx_BreakCallback
 .text.memset   0x0000000008004c1c       0x10 C:/ST/STM32CubeIDE_1.10.1/STM32CubeIDE/plugins/com.st.stm32cube.ide.mcu.externaltools.gnu-tools-for-stm32.11.3.rel1.win32_1.1.100.202309141235/tools/bin/../lib/gcc/arm-none-eabi/11.3.1/../../../../arm-none-eabi/lib/thumb/v7e-m+fp/hard\libc_nano.a(libc_a-memset.o)
                0x0000000008004c1c                memset
 .text.__libc_init_array
                0x0000000008004c2c       0x48 C:/ST/STM32CubeIDE_1.10.1/STM32CubeIDE/plugins/com.st.stm32cube.ide.mcu.externaltools.gnu-tools-for-stm32.11.3.rel1.win32_1.1.100.202309141235/tools/bin/../lib/gcc/arm-none-eabi/11.3.1/../../../../arm-none-eabi/lib/thumb/v7e-m+fp/hard\libc_nano.a(libc_a-init.o)
                0x0000000008004c2c                __libc_init_array
 *(.glue_7)
 .glue_7        0x0000000008004c74        0x0 linker stubs
 *(.glue_7t)
 .glue_7t       0x0000000008004c74        0x0 linker stubs
 *(.eh_frame)
 .eh_frame      0x0000000008004c74        0x0 C:/ST/STM32CubeIDE_1.10.1/STM32CubeIDE/plugins/com.st.stm32cube.ide.mcu.externaltools.gnu-tools-for-stm32.11.3.rel1.win32_1.1.100.202309141235/tools/bin/../lib/gcc/arm-none-eabi/11.3.1/thumb/v7e-m+fp/hard/crtbegin.o
 *(.init)
 .init          0x0000000008004c74        0x4 C:/ST/STM32CubeIDE_1.10.1/STM32CubeIDE/plugins/com.st.stm32cube.ide.mcu.externaltools.gnu-tools-for-stm32.11.3.rel1.win32_1.1.100.202309141235/tools/bin/../lib/gcc/arm-none-eabi/11.3.1/thumb/v7e-m+fp/hard/crti.o
                0x0000000008004c74                _init
 .init          0x0000000008004c78        0x8 C:/ST/STM32CubeIDE_1.10.1/STM32CubeIDE/plugins/com.st.stm32cube.ide.mcu.externaltools.gnu-tools-for-stm32.11.3.rel1.win32_1.1.100.202309141235/tools/bin/../lib/gcc/arm-none-eabi/11.3.1/thumb/v7e-m+fp/hard/crtn.o
 *(.fini)
 .fini          0x0000000008004c80        0x4 C:/ST/STM32CubeIDE_1.10.1/STM32CubeIDE/plugins/com.st.stm32cube.ide.mcu.externaltools.gnu-tools-for-stm32.11.3.rel1.win32_1.1.100.202309141235/tools/bin/../lib/gcc/arm-none-eabi/11.3.1/thumb/v7e-m+fp/hard/crti.o
                0x0000000008004c80                _fini
 .fini          0x0000000008004c84        0x8 C:/ST/STM32CubeIDE_1.10.1/STM32CubeIDE/plugins/com.st.stm32cube.ide.mcu.externaltools.gnu-tools-for-stm32.11.3.rel1.win32_1.1.100.202309141235/tools/bin/../lib/gcc/arm-none-eabi/11.3.1/thumb/v7e-m+fp/hard/crtn.o
                0x0000000008004c8c                . = ALIGN (0x4)
                0x0000000008004c8c                _etext = .

.vfp11_veneer   0x0000000008004c8c        0x0
 .vfp11_veneer  0x0000000008004c8c        0x0 linker stubs

.v4_bx          0x0000000008004c8c        0x0
 .v4_bx         0x0000000008004c8c        0x0 linker stubs

.iplt           0x0000000008004c8c        0x0
 .iplt          0x0000000008004c8c        0x0 C:/ST/STM32CubeIDE_1.10.1/STM32CubeIDE/plugins/com.st.stm32cube.ide.mcu.externaltools.gnu-tools-for-stm32.11.3.rel1.win32_1.1.100.202309141235/tools/bin/../lib/gcc/arm-none-eabi/11.3.1/thumb/v7e-m+fp/hard/crtbegin.o

.rodata         0x0000000008004c8c       0x10
                0x0000000008004c8c                . = ALIGN (0x4)
 *(.rodata)
 *(.rodata*)
 .rodata.AHBPrescTable
                0x0000000008004c8c       0x10 ./Core/Src/system_stm32f4xx.o
                0x0000000008004c8c                AHBPrescTable
                0x0000000008004c9c                . = ALIGN (0x4)

.ARM.extab      0x0000000008004c9c        0x0
                0x0000000008004c9c                . = ALIGN (0x4)
 *(.ARM.extab* .gnu.linkonce.armextab.*)
                0x0000000008004c9c                . = ALIGN (0x4)

.ARM            0x0000000008004c9c        0x8
                0x0000000008004c9c                . = ALIGN (0x4)
                0x0000000008004c9c                __exidx_start = .
 *(.ARM.exidx*)
 .ARM.exidx     0x0000000008004c9c        0x8 C:/ST/STM32CubeIDE_1.10.1/STM32CubeIDE/plugins/com.st.stm32cube.ide.mcu.externaltools.gnu-tools-for-stm32.11.3.rel1.win32_1.1.100.202309141235/tools/bin/../lib/gcc/arm-none-eabi/11.3.1/thumb/v7e-m+fp/hard\libgcc.a(_udivmoddi4.o)
                0x0000000008004ca4                __exidx_end = .
                0x0000000008004ca4                . = ALIGN (0x4)

.rel.dyn        0x0000000008004ca4        0x0
 .rel.iplt      0x0000000008004ca4        0x0 C:/ST/STM32CubeIDE_1.10.1/STM32CubeIDE/plugins/com.st.stm32cube.ide.mcu.externaltools.gnu-tools-for-stm32.11.3.rel1.win32_1.1.100.202309141235/tools/bin/../lib/gcc/arm-none-eabi/11.3.1/thumb/v7e-m+fp/hard/crtbegin.o

.preinit_array  0x0000000008004ca4        0x0
                0x0000000008004ca4                . = ALIGN (0x4)
                0x0000000008004ca4                PROVIDE (__preinit_array_start = .)
 *(.preinit_array*)
                0x0000000008004ca4                PROVIDE (__preinit_array_end = .)
                0x0000000008004ca4                . = ALIGN (0x4)

.init_array     0x0000000008004ca4        0x4
                0x0000000008004ca4                . = ALIGN (0x4)
                0x0000000008004ca4                PROVIDE (__init_array_start = .)
 *(SORT_BY_NAME(.init_array.*))
 *(.init_array*)
 .init_array    0x0000000008004ca4        0x4 C:/ST/STM32CubeIDE_1.10.1/STM32CubeIDE/plugins/com.st.stm32cube.ide.mcu.externaltools.gnu-tools-for-stm32.11.3.rel1.win32_1.1.100.202309141235/tools/bin/../lib/gcc/arm-none-eabi/11.3.1/thumb/v7e-m+fp/hard/crtbegin.o
                0x0000000008004ca8                PROVIDE (__init_array_end = .)
                0x0000000008004ca8                . = ALIGN (0x4)

.fini_array     0x0000000008004ca8        0x4
                0x0000000008004ca8                . = ALIGN (0x4)
                [!provide]                        PROVIDE (__fini_array_start = .)
 *(SORT_BY_NAME(.fini_array.*))
 *(.fini_array*)
 .fini_array    0x0000000008004ca8        0x4 C:/ST/STM32CubeIDE_1.10.1/STM32CubeIDE/plugins/com.st.stm32cube.ide.mcu.externaltools.gnu-tools-for-stm32.11.3.rel1.win32_1.1.100.202309141235/tools/bin/../lib/gcc/arm-none-eabi/11.3.1/thumb/v7e-m+fp/hard/crtbegin.o
                [!provide]                        PROVIDE (__fini_array_end = .)
                0x0000000008004cac                . = ALIGN (0x4)
                0x0000000008004cac                _sidata = LOADADDR (.data)

.data           0x0000000020000000        0xc load address 0x0000000008004cac
                0x0000000020000000                . = ALIGN (0x4)
                0x0000000020000000                _sdata = .
 *(.data)
 *(.data*)
 .data.SystemCoreClock
                0x0000000020000000        0x4 ./Core/Src/system_stm32f4xx.o
                0x0000000020000000                SystemCoreClock
 .data.uwTickPrio
                0x0000000020000004        0x4 ./Drivers/STM32F4xx_HAL_Driver/Src/stm32f4xx_hal.o
                0x0000000020000004                uwTickPrio
 .data.uwTickFreq
                0x0000000020000008        0x1 ./Drivers/STM32F4xx_HAL_Driver/Src/stm32f4xx_hal.o
                0x0000000020000008                uwTickFreq
 *(.RamFunc)
 *(.RamFunc*)
                0x000000002000000c                . = ALIGN (0x4)
 *fill*         0x0000000020000009        0x3 
                0x000000002000000c                _edata = .

.igot.plt       0x000000002000000c        0x0 load address 0x0000000008004cb8
 .igot.plt      0x000000002000000c        0x0 C:/ST/STM32CubeIDE_1.10.1/STM32CubeIDE/plugins/com.st.stm32cube.ide.mcu.externaltools.gnu-tools-for-stm32.11.3.rel1.win32_1.1.100.202309141235/tools/bin/../lib/gcc/arm-none-eabi/11.3.1/thumb/v7e-m+fp/hard/crtbegin.o
                0x000000002000000c                . = ALIGN (0x4)

.bss            0x000000002000000c      0x130 load address 0x0000000008004cb8
                0x000000002000000c                _sbss = .
                0x000000002000000c                __bss_start__ = _sbss
 *(.bss)
 .bss           0x000000002000000c       0x1c C:/ST/STM32CubeIDE_1.10.1/STM32CubeIDE/plugins/com.st.stm32cube.ide.mcu.externaltools.gnu-tools-for-stm32.11.3.rel1.win32_1.1.100.202309141235/tools/bin/../lib/gcc/arm-none-eabi/11.3.1/thumb/v7e-m+fp/hard/crtbegin.o
 *(.bss*)
 .bss.buffer    0x0000000020000028        0x8 ./Core/Src/ACC_program.o
 .bss.user_speed
                0x0000000020000030        0x4 ./Core/Src/DC_MOTOR.o
 .bss.IC_Val1   0x0000000020000034        0x4 ./Core/Src/UltraSonic.o
                0x0000000020000034                IC_Val1
 .bss.IC_Val2   0x0000000020000038        0x4 ./Core/Src/UltraSonic.o
                0x0000000020000038                IC_Val2
 .bss.Difference
                0x000000002000003c        0x4 ./Core/Src/UltraSonic.o
                0x000000002000003c                Difference
 .bss.Is_First_Captured
                0x0000000020000040        0x1 ./Core/Src/UltraSonic.o
                0x0000000020000040                Is_First_Captured
 .bss.Distance  0x0000000020000041        0x1 ./Core/Src/UltraSonic.o
                0x0000000020000041                Distance
 .bss.recieved_flag
                0x0000000020000042        0x1 ./Core/Src/V2V_program.o
 *fill*         0x0000000020000043        0x1 
 .bss.rx_data   0x0000000020000044        0x8 ./Core/Src/V2V_program.o
 .bss.g_state   0x000000002000004c        0x1 ./Core/Src/V2V_program.o
 *fill*         0x000000002000004d        0x3 
 .bss.hspi2     0x0000000020000050       0x58 ./Core/Src/spi.o
                0x0000000020000050                hspi2
 .bss.htim1     0x00000000200000a8       0x48 ./Core/Src/tim.o
                0x00000000200000a8                htim1
 .bss.htim2     0x00000000200000f0       0x48 ./Core/Src/tim.o
                0x00000000200000f0                htim2
 .bss.uwTick    0x0000000020000138        0x4 ./Drivers/STM32F4xx_HAL_Driver/Src/stm32f4xx_hal.o
                0x0000000020000138                uwTick
 *(COMMON)
                0x000000002000013c                . = ALIGN (0x4)
                0x000000002000013c                _ebss = .
                0x000000002000013c                __bss_end__ = _ebss

._user_heap_stack
                0x000000002000013c      0x604 load address 0x0000000008004cb8
                0x0000000020000140                . = ALIGN (0x8)
 *fill*         0x000000002000013c        0x4 
                [!provide]                        PROVIDE (end = .)
                0x0000000020000140                PROVIDE (_end = .)
                0x0000000020000340                . = (. + _Min_Heap_Size)
 *fill*         0x0000000020000140      0x200 
                0x0000000020000740                . = (. + _Min_Stack_Size)
 *fill*         0x0000000020000340      0x400 
                0x0000000020000740                . = ALIGN (0x8)

/DISCARD/
 libc.a(*)
 libm.a(*)
 libgcc.a(*)

.ARM.attributes
                0x0000000000000000       0x30
 *(.ARM.attributes)
 .ARM.attributes
                0x0000000000000000       0x1e C:/ST/STM32CubeIDE_1.10.1/STM32CubeIDE/plugins/com.st.stm32cube.ide.mcu.externaltools.gnu-tools-for-stm32.11.3.rel1.win32_1.1.100.202309141235/tools/bin/../lib/gcc/arm-none-eabi/11.3.1/thumb/v7e-m+fp/hard/crti.o
 .ARM.attributes
                0x000000000000001e       0x34 C:/ST/STM32CubeIDE_1.10.1/STM32CubeIDE/plugins/com.st.stm32cube.ide.mcu.externaltools.gnu-tools-for-stm32.11.3.rel1.win32_1.1.100.202309141235/tools/bin/../lib/gcc/arm-none-eabi/11.3.1/thumb/v7e-m+fp/hard/crtbegin.o
 .ARM.attributes
                0x0000000000000052       0x34 ./Core/Src/ACC_program.o
 .ARM.attributes
                0x0000000000000086       0x34 ./Core/Src/DC_MOTOR.o
 .ARM.attributes
                0x00000000000000ba       0x34 ./Core/Src/UltraSonic.o
 .ARM.attributes
                0x00000000000000ee       0x34 ./Core/Src/V2V_program.o
 .ARM.attributes
                0x0000000000000122       0x34 ./Core/Src/gpio.o
 .ARM.attributes
                0x0000000000000156       0x34 ./Core/Src/main.o
 .ARM.attributes
                0x000000000000018a       0x34 ./Core/Src/nrf24l01p.o
 .ARM.attributes
                0x00000000000001be       0x34 ./Core/Src/spi.o
 .ARM.attributes
                0x00000000000001f2       0x34 ./Core/Src/stm32f4xx_hal_msp.o
 .ARM.attributes
                0x0000000000000226       0x34 ./Core/Src/stm32f4xx_it.o
 .ARM.attributes
                0x000000000000025a       0x34 ./Core/Src/system_stm32f4xx.o
 .ARM.attributes
                0x000000000000028e       0x34 ./Core/Src/tim.o
 .ARM.attributes
                0x00000000000002c2       0x21 ./Core/Startup/startup_stm32f401ccux.o
 .ARM.attributes
                0x00000000000002e3       0x34 ./Drivers/STM32F4xx_HAL_Driver/Src/stm32f4xx_hal.o
 .ARM.attributes
                0x0000000000000317       0x34 ./Drivers/STM32F4xx_HAL_Driver/Src/stm32f4xx_hal_cortex.o
 .ARM.attributes
                0x000000000000034b       0x34 ./Drivers/STM32F4xx_HAL_Driver/Src/stm32f4xx_hal_gpio.o
 .ARM.attributes
                0x000000000000037f       0x34 ./Drivers/STM32F4xx_HAL_Driver/Src/stm32f4xx_hal_rcc.o
 .ARM.attributes
                0x00000000000003b3       0x34 ./Drivers/STM32F4xx_HAL_Driver/Src/stm32f4xx_hal_spi.o
 .ARM.attributes
                0x00000000000003e7       0x34 ./Drivers/STM32F4xx_HAL_Driver/Src/stm32f4xx_hal_tim.o
 .ARM.attributes
                0x000000000000041b       0x34 ./Drivers/STM32F4xx_HAL_Driver/Src/stm32f4xx_hal_tim_ex.o
 .ARM.attributes
                0x000000000000044f       0x34 C:/ST/STM32CubeIDE_1.10.1/STM32CubeIDE/plugins/com.st.stm32cube.ide.mcu.externaltools.gnu-tools-for-stm32.11.3.rel1.win32_1.1.100.202309141235/tools/bin/../lib/gcc/arm-none-eabi/11.3.1/../../../../arm-none-eabi/lib/thumb/v7e-m+fp/hard\libc_nano.a(libc_a-memset.o)
 .ARM.attributes
                0x0000000000000483       0x34 C:/ST/STM32CubeIDE_1.10.1/STM32CubeIDE/plugins/com.st.stm32cube.ide.mcu.externaltools.gnu-tools-for-stm32.11.3.rel1.win32_1.1.100.202309141235/tools/bin/../lib/gcc/arm-none-eabi/11.3.1/../../../../arm-none-eabi/lib/thumb/v7e-m+fp/hard\libc_nano.a(libc_a-init.o)
 .ARM.attributes
                0x00000000000004b7       0x1e C:/ST/STM32CubeIDE_1.10.1/STM32CubeIDE/plugins/com.st.stm32cube.ide.mcu.externaltools.gnu-tools-for-stm32.11.3.rel1.win32_1.1.100.202309141235/tools/bin/../lib/gcc/arm-none-eabi/11.3.1/thumb/v7e-m+fp/hard\libgcc.a(_arm_addsubdf3.o)
 .ARM.attributes
                0x00000000000004d5       0x1e C:/ST/STM32CubeIDE_1.10.1/STM32CubeIDE/plugins/com.st.stm32cube.ide.mcu.externaltools.gnu-tools-for-stm32.11.3.rel1.win32_1.1.100.202309141235/tools/bin/../lib/gcc/arm-none-eabi/11.3.1/thumb/v7e-m+fp/hard\libgcc.a(_arm_muldivdf3.o)
 .ARM.attributes
                0x00000000000004f3       0x1e C:/ST/STM32CubeIDE_1.10.1/STM32CubeIDE/plugins/com.st.stm32cube.ide.mcu.externaltools.gnu-tools-for-stm32.11.3.rel1.win32_1.1.100.202309141235/tools/bin/../lib/gcc/arm-none-eabi/11.3.1/thumb/v7e-m+fp/hard\libgcc.a(_arm_fixunsdfsi.o)
 .ARM.attributes
                0x0000000000000511       0x1e C:/ST/STM32CubeIDE_1.10.1/STM32CubeIDE/plugins/com.st.stm32cube.ide.mcu.externaltools.gnu-tools-for-stm32.11.3.rel1.win32_1.1.100.202309141235/tools/bin/../lib/gcc/arm-none-eabi/11.3.1/thumb/v7e-m+fp/hard\libgcc.a(_aeabi_uldivmod.o)
 .ARM.attributes
                0x000000000000052f       0x34 C:/ST/STM32CubeIDE_1.10.1/STM32CubeIDE/plugins/com.st.stm32cube.ide.mcu.externaltools.gnu-tools-for-stm32.11.3.rel1.win32_1.1.100.202309141235/tools/bin/../lib/gcc/arm-none-eabi/11.3.1/thumb/v7e-m+fp/hard\libgcc.a(_udivmoddi4.o)
 .ARM.attributes
                0x0000000000000563       0x1e C:/ST/STM32CubeIDE_1.10.1/STM32CubeIDE/plugins/com.st.stm32cube.ide.mcu.externaltools.gnu-tools-for-stm32.11.3.rel1.win32_1.1.100.202309141235/tools/bin/../lib/gcc/arm-none-eabi/11.3.1/thumb/v7e-m+fp/hard\libgcc.a(_dvmd_tls.o)
 .ARM.attributes
                0x0000000000000581       0x1e C:/ST/STM32CubeIDE_1.10.1/STM32CubeIDE/plugins/com.st.stm32cube.ide.mcu.externaltools.gnu-tools-for-stm32.11.3.rel1.win32_1.1.100.202309141235/tools/bin/../lib/gcc/arm-none-eabi/11.3.1/thumb/v7e-m+fp/hard/crtn.o
OUTPUT(Adaptive_Curise_Control.elf elf32-littlearm)
LOAD linker stubs
LOAD C:/ST/STM32CubeIDE_1.10.1/STM32CubeIDE/plugins/com.st.stm32cube.ide.mcu.externaltools.gnu-tools-for-stm32.11.3.rel1.win32_1.1.100.202309141235/tools/bin/../lib/gcc/arm-none-eabi/11.3.1/../../../../arm-none-eabi/lib/thumb/v7e-m+fp/hard\libc.a
LOAD C:/ST/STM32CubeIDE_1.10.1/STM32CubeIDE/plugins/com.st.stm32cube.ide.mcu.externaltools.gnu-tools-for-stm32.11.3.rel1.win32_1.1.100.202309141235/tools/bin/../lib/gcc/arm-none-eabi/11.3.1/../../../../arm-none-eabi/lib/thumb/v7e-m+fp/hard\libm.a
LOAD C:/ST/STM32CubeIDE_1.10.1/STM32CubeIDE/plugins/com.st.stm32cube.ide.mcu.externaltools.gnu-tools-for-stm32.11.3.rel1.win32_1.1.100.202309141235/tools/bin/../lib/gcc/arm-none-eabi/11.3.1/thumb/v7e-m+fp/hard\libgcc.a

.comment        0x0000000000000000       0x43
 .comment       0x0000000000000000       0x43 C:/ST/STM32CubeIDE_1.10.1/STM32CubeIDE/plugins/com.st.stm32cube.ide.mcu.externaltools.gnu-tools-for-stm32.11.3.rel1.win32_1.1.100.202309141235/tools/bin/../lib/gcc/arm-none-eabi/11.3.1/thumb/v7e-m+fp/hard/crtbegin.o
                                         0x44 (size before relaxing)
 .comment       0x0000000000000043       0x44 ./Core/Src/ACC_program.o
 .comment       0x0000000000000043       0x44 ./Core/Src/DC_MOTOR.o
 .comment       0x0000000000000043       0x44 ./Core/Src/UltraSonic.o
 .comment       0x0000000000000043       0x44 ./Core/Src/V2V_program.o
 .comment       0x0000000000000043       0x44 ./Core/Src/gpio.o
 .comment       0x0000000000000043       0x44 ./Core/Src/main.o
 .comment       0x0000000000000043       0x44 ./Core/Src/nrf24l01p.o
 .comment       0x0000000000000043       0x44 ./Core/Src/spi.o
 .comment       0x0000000000000043       0x44 ./Core/Src/stm32f4xx_hal_msp.o
 .comment       0x0000000000000043       0x44 ./Core/Src/stm32f4xx_it.o
 .comment       0x0000000000000043       0x44 ./Core/Src/system_stm32f4xx.o
 .comment       0x0000000000000043       0x44 ./Core/Src/tim.o
 .comment       0x0000000000000043       0x44 ./Drivers/STM32F4xx_HAL_Driver/Src/stm32f4xx_hal.o
 .comment       0x0000000000000043       0x44 ./Drivers/STM32F4xx_HAL_Driver/Src/stm32f4xx_hal_cortex.o
 .comment       0x0000000000000043       0x44 ./Drivers/STM32F4xx_HAL_Driver/Src/stm32f4xx_hal_gpio.o
 .comment       0x0000000000000043       0x44 ./Drivers/STM32F4xx_HAL_Driver/Src/stm32f4xx_hal_rcc.o
 .comment       0x0000000000000043       0x44 ./Drivers/STM32F4xx_HAL_Driver/Src/stm32f4xx_hal_spi.o
 .comment       0x0000000000000043       0x44 ./Drivers/STM32F4xx_HAL_Driver/Src/stm32f4xx_hal_tim.o
 .comment       0x0000000000000043       0x44 ./Drivers/STM32F4xx_HAL_Driver/Src/stm32f4xx_hal_tim_ex.o

.debug_info     0x0000000000000000     0xcefc
 .debug_info    0x0000000000000000      0x1a6 ./Core/Src/ACC_program.o
 .debug_info    0x00000000000001a6      0x925 ./Core/Src/DC_MOTOR.o
 .debug_info    0x0000000000000acb      0x87e ./Core/Src/UltraSonic.o
 .debug_info    0x0000000000001349      0x298 ./Core/Src/V2V_program.o
 .debug_info    0x00000000000015e1      0x5be ./Core/Src/gpio.o
 .debug_info    0x0000000000001b9f      0x4f6 ./Core/Src/main.o
 .debug_info    0x0000000000002095      0xd55 ./Core/Src/nrf24l01p.o
 .debug_info    0x0000000000002dea      0x976 ./Core/Src/spi.o
 .debug_info    0x0000000000003760      0x291 ./Core/Src/stm32f4xx_hal_msp.o
 .debug_info    0x00000000000039f1      0x714 ./Core/Src/stm32f4xx_it.o
 .debug_info    0x0000000000004105      0x53e ./Core/Src/system_stm32f4xx.o
 .debug_info    0x0000000000004643      0xebe ./Core/Src/tim.o
 .debug_info    0x0000000000005501       0x23 ./Core/Startup/startup_stm32f401ccux.o
 .debug_info    0x0000000000005524      0x8bb ./Drivers/STM32F4xx_HAL_Driver/Src/stm32f4xx_hal.o
 .debug_info    0x0000000000005ddf      0xcc1 ./Drivers/STM32F4xx_HAL_Driver/Src/stm32f4xx_hal_cortex.o
 .debug_info    0x0000000000006aa0      0x6f9 ./Drivers/STM32F4xx_HAL_Driver/Src/stm32f4xx_hal_gpio.o
 .debug_info    0x0000000000007199      0x8f3 ./Drivers/STM32F4xx_HAL_Driver/Src/stm32f4xx_hal_rcc.o
 .debug_info    0x0000000000007a8c     0x1606 ./Drivers/STM32F4xx_HAL_Driver/Src/stm32f4xx_hal_spi.o
 .debug_info    0x0000000000009092     0x2996 ./Drivers/STM32F4xx_HAL_Driver/Src/stm32f4xx_hal_tim.o
 .debug_info    0x000000000000ba28     0x14d4 ./Drivers/STM32F4xx_HAL_Driver/Src/stm32f4xx_hal_tim_ex.o

.debug_abbrev   0x0000000000000000     0x2631
 .debug_abbrev  0x0000000000000000      0x117 ./Core/Src/ACC_program.o
 .debug_abbrev  0x0000000000000117      0x204 ./Core/Src/DC_MOTOR.o
 .debug_abbrev  0x000000000000031b      0x20c ./Core/Src/UltraSonic.o
 .debug_abbrev  0x0000000000000527      0x143 ./Core/Src/V2V_program.o
 .debug_abbrev  0x000000000000066a      0x173 ./Core/Src/gpio.o
 .debug_abbrev  0x00000000000007dd      0x1d7 ./Core/Src/main.o
 .debug_abbrev  0x00000000000009b4      0x2e7 ./Core/Src/nrf24l01p.o
 .debug_abbrev  0x0000000000000c9b      0x1f1 ./Core/Src/spi.o
 .debug_abbrev  0x0000000000000e8c       0xd8 ./Core/Src/stm32f4xx_hal_msp.o
 .debug_abbrev  0x0000000000000f64      0x1ba ./Core/Src/stm32f4xx_it.o
 .debug_abbrev  0x000000000000111e      0x11a ./Core/Src/system_stm32f4xx.o
 .debug_abbrev  0x0000000000001238      0x24b ./Core/Src/tim.o
 .debug_abbrev  0x0000000000001483       0x12 ./Core/Startup/startup_stm32f401ccux.o
 .debug_abbrev  0x0000000000001495      0x24b ./Drivers/STM32F4xx_HAL_Driver/Src/stm32f4xx_hal.o
 .debug_abbrev  0x00000000000016e0      0x328 ./Drivers/STM32F4xx_HAL_Driver/Src/stm32f4xx_hal_cortex.o
 .debug_abbrev  0x0000000000001a08      0x1d3 ./Drivers/STM32F4xx_HAL_Driver/Src/stm32f4xx_hal_gpio.o
 .debug_abbrev  0x0000000000001bdb      0x2b5 ./Drivers/STM32F4xx_HAL_Driver/Src/stm32f4xx_hal_rcc.o
 .debug_abbrev  0x0000000000001e90      0x280 ./Drivers/STM32F4xx_HAL_Driver/Src/stm32f4xx_hal_spi.o
 .debug_abbrev  0x0000000000002110      0x28b ./Drivers/STM32F4xx_HAL_Driver/Src/stm32f4xx_hal_tim.o
 .debug_abbrev  0x000000000000239b      0x296 ./Drivers/STM32F4xx_HAL_Driver/Src/stm32f4xx_hal_tim_ex.o

.debug_aranges  0x0000000000000000      0xdc8
 .debug_aranges
                0x0000000000000000       0x28 ./Core/Src/ACC_program.o
 .debug_aranges
                0x0000000000000028       0x68 ./Core/Src/DC_MOTOR.o
 .debug_aranges
                0x0000000000000090       0x38 ./Core/Src/UltraSonic.o
 .debug_aranges
                0x00000000000000c8       0x38 ./Core/Src/V2V_program.o
 .debug_aranges
                0x0000000000000100       0x20 ./Core/Src/gpio.o
 .debug_aranges
                0x0000000000000120       0x30 ./Core/Src/main.o
 .debug_aranges
                0x0000000000000150      0x120 ./Core/Src/nrf24l01p.o
 .debug_aranges
                0x0000000000000270       0x30 ./Core/Src/spi.o
 .debug_aranges
                0x00000000000002a0       0x20 ./Core/Src/stm32f4xx_hal_msp.o
 .debug_aranges
                0x00000000000002c0       0x70 ./Core/Src/stm32f4xx_it.o
 .debug_aranges
                0x0000000000000330       0x28 ./Core/Src/system_stm32f4xx.o
 .debug_aranges
                0x0000000000000358       0x50 ./Core/Src/tim.o
 .debug_aranges
                0x00000000000003a8       0x28 ./Core/Startup/startup_stm32f401ccux.o
 .debug_aranges
                0x00000000000003d0       0xf0 ./Drivers/STM32F4xx_HAL_Driver/Src/stm32f4xx_hal.o
 .debug_aranges
                0x00000000000004c0      0x120 ./Drivers/STM32F4xx_HAL_Driver/Src/stm32f4xx_hal_cortex.o
 .debug_aranges
                0x00000000000005e0       0x58 ./Drivers/STM32F4xx_HAL_Driver/Src/stm32f4xx_hal_gpio.o
 .debug_aranges
                0x0000000000000638       0x88 ./Drivers/STM32F4xx_HAL_Driver/Src/stm32f4xx_hal_rcc.o
 .debug_aranges
                0x00000000000006c0      0x1d0 ./Drivers/STM32F4xx_HAL_Driver/Src/stm32f4xx_hal_spi.o
 .debug_aranges
                0x0000000000000890      0x3d0 ./Drivers/STM32F4xx_HAL_Driver/Src/stm32f4xx_hal_tim.o
 .debug_aranges
                0x0000000000000c60      0x168 ./Drivers/STM32F4xx_HAL_Driver/Src/stm32f4xx_hal_tim_ex.o

.debug_rnglists
                0x0000000000000000      0xa7b
 .debug_rnglists
                0x0000000000000000       0x19 ./Core/Src/ACC_program.o
 .debug_rnglists
                0x0000000000000019       0x4a ./Core/Src/DC_MOTOR.o
 .debug_rnglists
                0x0000000000000063       0x26 ./Core/Src/UltraSonic.o
 .debug_rnglists
                0x0000000000000089       0x25 ./Core/Src/V2V_program.o
 .debug_rnglists
                0x00000000000000ae       0x14 ./Core/Src/gpio.o
 .debug_rnglists
                0x00000000000000c2       0x20 ./Core/Src/main.o
 .debug_rnglists
                0x00000000000000e2       0xd4 ./Core/Src/nrf24l01p.o
 .debug_rnglists
                0x00000000000001b6       0x20 ./Core/Src/spi.o
 .debug_rnglists
                0x00000000000001d6       0x13 ./Core/Src/stm32f4xx_hal_msp.o
 .debug_rnglists
                0x00000000000001e9       0x4f ./Core/Src/stm32f4xx_it.o
 .debug_rnglists
                0x0000000000000238       0x1a ./Core/Src/system_stm32f4xx.o
 .debug_rnglists
                0x0000000000000252       0x3a ./Core/Src/tim.o
 .debug_rnglists
                0x000000000000028c       0x19 ./Core/Startup/startup_stm32f401ccux.o
 .debug_rnglists
                0x00000000000002a5       0xaf ./Drivers/STM32F4xx_HAL_Driver/Src/stm32f4xx_hal.o
 .debug_rnglists
                0x0000000000000354       0xd4 ./Drivers/STM32F4xx_HAL_Driver/Src/stm32f4xx_hal_cortex.o
 .debug_rnglists
                0x0000000000000428       0x3f ./Drivers/STM32F4xx_HAL_Driver/Src/stm32f4xx_hal_gpio.o
 .debug_rnglists
                0x0000000000000467       0x66 ./Drivers/STM32F4xx_HAL_Driver/Src/stm32f4xx_hal_rcc.o
 .debug_rnglists
                0x00000000000004cd      0x16f ./Drivers/STM32F4xx_HAL_Driver/Src/stm32f4xx_hal_spi.o
 .debug_rnglists
                0x000000000000063c      0x31a ./Drivers/STM32F4xx_HAL_Driver/Src/stm32f4xx_hal_tim.o
 .debug_rnglists
                0x0000000000000956      0x125 ./Drivers/STM32F4xx_HAL_Driver/Src/stm32f4xx_hal_tim_ex.o

.debug_macro    0x0000000000000000    0x16658
 .debug_macro   0x0000000000000000      0x24a ./Core/Src/ACC_program.o
 .debug_macro   0x000000000000024a      0xaa8 ./Core/Src/ACC_program.o
 .debug_macro   0x0000000000000cf2      0x29b ./Core/Src/ACC_program.o
 .debug_macro   0x0000000000000f8d       0x2e ./Core/Src/ACC_program.o
 .debug_macro   0x0000000000000fbb       0x28 ./Core/Src/ACC_program.o
 .debug_macro   0x0000000000000fe3       0x22 ./Core/Src/ACC_program.o
 .debug_macro   0x0000000000001005       0x8e ./Core/Src/ACC_program.o
 .debug_macro   0x0000000000001093       0x51 ./Core/Src/ACC_program.o
 .debug_macro   0x00000000000010e4      0x103 ./Core/Src/ACC_program.o
 .debug_macro   0x00000000000011e7       0x6a ./Core/Src/ACC_program.o
 .debug_macro   0x0000000000001251      0x1df ./Core/Src/ACC_program.o
 .debug_macro   0x0000000000001430       0x1c ./Core/Src/ACC_program.o
 .debug_macro   0x000000000000144c       0x22 ./Core/Src/ACC_program.o
 .debug_macro   0x000000000000146e       0xfb ./Core/Src/ACC_program.o
 .debug_macro   0x0000000000001569     0x1011 ./Core/Src/ACC_program.o
 .debug_macro   0x000000000000257a      0x11f ./Core/Src/ACC_program.o
 .debug_macro   0x0000000000002699     0xb86c ./Core/Src/ACC_program.o
 .debug_macro   0x000000000000df05       0x6d ./Core/Src/ACC_program.o
 .debug_macro   0x000000000000df72     0x368c ./Core/Src/ACC_program.o
 .debug_macro   0x00000000000115fe      0x174 ./Core/Src/ACC_program.o
 .debug_macro   0x0000000000011772       0x5c ./Core/Src/ACC_program.o
 .debug_macro   0x00000000000117ce      0x416 ./Core/Src/ACC_program.o
 .debug_macro   0x0000000000011be4      0x9e9 ./Core/Src/ACC_program.o
 .debug_macro   0x00000000000125cd      0x115 ./Core/Src/ACC_program.o
 .debug_macro   0x00000000000126e2       0xf8 ./Core/Src/ACC_program.o
 .debug_macro   0x00000000000127da       0xa5 ./Core/Src/ACC_program.o
 .debug_macro   0x000000000001287f      0x15f ./Core/Src/ACC_program.o
 .debug_macro   0x00000000000129de      0x287 ./Core/Src/ACC_program.o
 .debug_macro   0x0000000000012c65       0x5f ./Core/Src/ACC_program.o
 .debug_macro   0x0000000000012cc4      0x236 ./Core/Src/ACC_program.o
 .debug_macro   0x0000000000012efa      0x132 ./Core/Src/ACC_program.o
 .debug_macro   0x000000000001302c      0x23a ./Core/Src/ACC_program.o
 .debug_macro   0x0000000000013266       0x2e ./Core/Src/ACC_program.o
 .debug_macro   0x0000000000013294      0x127 ./Core/Src/ACC_program.o
 .debug_macro   0x00000000000133bb       0x85 ./Core/Src/ACC_program.o
 .debug_macro   0x0000000000013440       0x89 ./Core/Src/ACC_program.o
 .debug_macro   0x00000000000134c9      0x225 ./Core/Src/ACC_program.o
 .debug_macro   0x00000000000136ee      0x8ed ./Core/Src/ACC_program.o
 .debug_macro   0x0000000000013fdb       0x47 ./Core/Src/ACC_program.o
 .debug_macro   0x0000000000014022      0x126 ./Core/Src/ACC_program.o
 .debug_macro   0x0000000000014148       0x76 ./Core/Src/ACC_program.o
 .debug_macro   0x00000000000141be       0x16 ./Core/Src/ACC_program.o
 .debug_macro   0x00000000000141d4       0x64 ./Core/Src/ACC_program.o
 .debug_macro   0x0000000000014238       0x10 ./Core/Src/ACC_program.o
 .debug_macro   0x0000000000014248       0x22 ./Core/Src/ACC_program.o
 .debug_macro   0x000000000001426a      0x122 ./Core/Src/ACC_program.o
 .debug_macro   0x000000000001438c       0x16 ./Core/Src/ACC_program.o
 .debug_macro   0x00000000000143a2       0x10 ./Core/Src/ACC_program.o
 .debug_macro   0x00000000000143b2      0x1fb ./Core/Src/DC_MOTOR.o
 .debug_macro   0x00000000000145ad       0x16 ./Core/Src/DC_MOTOR.o
 .debug_macro   0x00000000000145c3      0x1e6 ./Core/Src/UltraSonic.o
 .debug_macro   0x00000000000147a9      0x221 ./Core/Src/V2V_program.o
 .debug_macro   0x00000000000149ca      0x1e7 ./Core/Src/gpio.o
 .debug_macro   0x0000000000014bb1      0x208 ./Core/Src/main.o
 .debug_macro   0x0000000000014db9      0x203 ./Core/Src/nrf24l01p.o
 .debug_macro   0x0000000000014fbc      0x1e7 ./Core/Src/spi.o
 .debug_macro   0x00000000000151a3      0x1dd ./Core/Src/stm32f4xx_hal_msp.o
 .debug_macro   0x0000000000015380      0x1e7 ./Core/Src/stm32f4xx_it.o
 .debug_macro   0x0000000000015567      0x1ce ./Core/Src/system_stm32f4xx.o
 .debug_macro   0x0000000000015735      0x1e7 ./Core/Src/tim.o
 .debug_macro   0x000000000001591c      0x22e ./Drivers/STM32F4xx_HAL_Driver/Src/stm32f4xx_hal.o
 .debug_macro   0x0000000000015b4a      0x1ce ./Drivers/STM32F4xx_HAL_Driver/Src/stm32f4xx_hal_cortex.o
 .debug_macro   0x0000000000015d18      0x1d4 ./Drivers/STM32F4xx_HAL_Driver/Src/stm32f4xx_hal_gpio.o
 .debug_macro   0x0000000000015eec      0x1f2 ./Drivers/STM32F4xx_HAL_Driver/Src/stm32f4xx_hal_rcc.o
 .debug_macro   0x00000000000160de      0x1dd ./Drivers/STM32F4xx_HAL_Driver/Src/stm32f4xx_hal_spi.o
 .debug_macro   0x00000000000162bb      0x1cf ./Drivers/STM32F4xx_HAL_Driver/Src/stm32f4xx_hal_tim.o
 .debug_macro   0x000000000001648a      0x1ce ./Drivers/STM32F4xx_HAL_Driver/Src/stm32f4xx_hal_tim_ex.o

.debug_line     0x0000000000000000    0x100bb
 .debug_line    0x0000000000000000      0x82e ./Core/Src/ACC_program.o
 .debug_line    0x000000000000082e      0x885 ./Core/Src/DC_MOTOR.o
 .debug_line    0x00000000000010b3      0x806 ./Core/Src/UltraSonic.o
 .debug_line    0x00000000000018b9      0x853 ./Core/Src/V2V_program.o
 .debug_line    0x000000000000210c      0x775 ./Core/Src/gpio.o
 .debug_line    0x0000000000002881      0x7ea ./Core/Src/main.o
 .debug_line    0x000000000000306b      0xb55 ./Core/Src/nrf24l01p.o
 .debug_line    0x0000000000003bc0      0x7bf ./Core/Src/spi.o
 .debug_line    0x000000000000437f      0x74e ./Core/Src/stm32f4xx_hal_msp.o
 .debug_line    0x0000000000004acd      0x840 ./Core/Src/stm32f4xx_it.o
 .debug_line    0x000000000000530d      0x7cf ./Core/Src/system_stm32f4xx.o
 .debug_line    0x0000000000005adc      0x8a3 ./Core/Src/tim.o
 .debug_line    0x000000000000637f       0x7a ./Core/Startup/startup_stm32f401ccux.o
 .debug_line    0x00000000000063f9      0xa35 ./Drivers/STM32F4xx_HAL_Driver/Src/stm32f4xx_hal.o
 .debug_line    0x0000000000006e2e      0xd01 ./Drivers/STM32F4xx_HAL_Driver/Src/stm32f4xx_hal_cortex.o
 .debug_line    0x0000000000007b2f      0xb6d ./Drivers/STM32F4xx_HAL_Driver/Src/stm32f4xx_hal_gpio.o
 .debug_line    0x000000000000869c      0xdac ./Drivers/STM32F4xx_HAL_Driver/Src/stm32f4xx_hal_rcc.o
 .debug_line    0x0000000000009448     0x1d0c ./Drivers/STM32F4xx_HAL_Driver/Src/stm32f4xx_hal_spi.o
 .debug_line    0x000000000000b154     0x359b ./Drivers/STM32F4xx_HAL_Driver/Src/stm32f4xx_hal_tim.o
 .debug_line    0x000000000000e6ef     0x19cc ./Drivers/STM32F4xx_HAL_Driver/Src/stm32f4xx_hal_tim_ex.o

.debug_str      0x0000000000000000    0x89da0
 .debug_str     0x0000000000000000    0x861a6 ./Core/Src/ACC_program.o
                                      0x8640e (size before relaxing)
 .debug_str     0x00000000000861a6      0x641 ./Core/Src/DC_MOTOR.o
                                      0x863ba (size before relaxing)
 .debug_str     0x00000000000867e7       0xb2 ./Core/Src/UltraSonic.o
                                      0x861ad (size before relaxing)
 .debug_str     0x0000000000086899      0x13a ./Core/Src/V2V_program.o
                                      0x8625e (size before relaxing)
 .debug_str     0x00000000000869d3      0x51f ./Core/Src/gpio.o
                                      0x8607b (size before relaxing)
 .debug_str     0x0000000000086ef2      0x1bd ./Core/Src/main.o
                                      0x85e2e (size before relaxing)
 .debug_str     0x00000000000870af      0x506 ./Core/Src/nrf24l01p.o
                                      0x8698a (size before relaxing)
 .debug_str     0x00000000000875b5       0x5b ./Core/Src/spi.o
                                      0x86149 (size before relaxing)
 .debug_str     0x0000000000087610       0x2c ./Core/Src/stm32f4xx_hal_msp.o
                                      0x85bf2 (size before relaxing)
 .debug_str     0x000000000008763c      0x11d ./Core/Src/stm32f4xx_it.o
                                      0x86109 (size before relaxing)
 .debug_str     0x0000000000087759       0xdb ./Core/Src/system_stm32f4xx.o
                                      0x85aef (size before relaxing)
 .debug_str     0x0000000000087834      0x203 ./Core/Src/tim.o
                                      0x867eb (size before relaxing)
 .debug_str     0x0000000000087a37       0x34 ./Core/Startup/startup_stm32f401ccux.o
                                         0xb1 (size before relaxing)
 .debug_str     0x0000000000087a6b      0x603 ./Drivers/STM32F4xx_HAL_Driver/Src/stm32f4xx_hal.o
                                      0x86511 (size before relaxing)
 .debug_str     0x000000000008806e      0x333 ./Drivers/STM32F4xx_HAL_Driver/Src/stm32f4xx_hal_cortex.o
                                      0x86249 (size before relaxing)
 .debug_str     0x00000000000883a1       0xd5 ./Drivers/STM32F4xx_HAL_Driver/Src/stm32f4xx_hal_gpio.o
                                      0x85c6a (size before relaxing)
 .debug_str     0x0000000000088476      0x233 ./Drivers/STM32F4xx_HAL_Driver/Src/stm32f4xx_hal_rcc.o
                                      0x85f23 (size before relaxing)
 .debug_str     0x00000000000886a9      0x569 ./Drivers/STM32F4xx_HAL_Driver/Src/stm32f4xx_hal_spi.o
                                      0x863a1 (size before relaxing)
 .debug_str     0x0000000000088c12      0xcfb ./Drivers/STM32F4xx_HAL_Driver/Src/stm32f4xx_hal_tim.o
                                      0x86e67 (size before relaxing)
 .debug_str     0x000000000008990d      0x493 ./Drivers/STM32F4xx_HAL_Driver/Src/stm32f4xx_hal_tim_ex.o
                                      0x86673 (size before relaxing)

.debug_frame    0x0000000000000000     0x38b4
 .debug_frame   0x0000000000000000       0x50 ./Core/Src/ACC_program.o
 .debug_frame   0x0000000000000050      0x168 ./Core/Src/DC_MOTOR.o
 .debug_frame   0x00000000000001b8       0x94 ./Core/Src/UltraSonic.o
 .debug_frame   0x000000000000024c       0xa4 ./Core/Src/V2V_program.o
 .debug_frame   0x00000000000002f0       0x34 ./Core/Src/gpio.o
 .debug_frame   0x0000000000000324       0x68 ./Core/Src/main.o
 .debug_frame   0x000000000000038c      0x484 ./Core/Src/nrf24l01p.o
 .debug_frame   0x0000000000000810       0x74 ./Core/Src/spi.o
 .debug_frame   0x0000000000000884       0x38 ./Core/Src/stm32f4xx_hal_msp.o
 .debug_frame   0x00000000000008bc      0x13c ./Core/Src/stm32f4xx_it.o
 .debug_frame   0x00000000000009f8       0x58 ./Core/Src/system_stm32f4xx.o
 .debug_frame   0x0000000000000a50      0x114 ./Core/Src/tim.o
 .debug_frame   0x0000000000000b64      0x374 ./Drivers/STM32F4xx_HAL_Driver/Src/stm32f4xx_hal.o
 .debug_frame   0x0000000000000ed8      0x4b8 ./Drivers/STM32F4xx_HAL_Driver/Src/stm32f4xx_hal_cortex.o
 .debug_frame   0x0000000000001390      0x14c ./Drivers/STM32F4xx_HAL_Driver/Src/stm32f4xx_hal_gpio.o
 .debug_frame   0x00000000000014dc      0x1f4 ./Drivers/STM32F4xx_HAL_Driver/Src/stm32f4xx_hal_rcc.o
 .debug_frame   0x00000000000016d0      0x828 ./Drivers/STM32F4xx_HAL_Driver/Src/stm32f4xx_hal_spi.o
 .debug_frame   0x0000000000001ef8     0x11b8 ./Drivers/STM32F4xx_HAL_Driver/Src/stm32f4xx_hal_tim.o
 .debug_frame   0x00000000000030b0      0x638 ./Drivers/STM32F4xx_HAL_Driver/Src/stm32f4xx_hal_tim_ex.o
 .debug_frame   0x00000000000036e8       0x20 C:/ST/STM32CubeIDE_1.10.1/STM32CubeIDE/plugins/com.st.stm32cube.ide.mcu.externaltools.gnu-tools-for-stm32.11.3.rel1.win32_1.1.100.202309141235/tools/bin/../lib/gcc/arm-none-eabi/11.3.1/../../../../arm-none-eabi/lib/thumb/v7e-m+fp/hard\libc_nano.a(libc_a-memset.o)
 .debug_frame   0x0000000000003708       0x2c C:/ST/STM32CubeIDE_1.10.1/STM32CubeIDE/plugins/com.st.stm32cube.ide.mcu.externaltools.gnu-tools-for-stm32.11.3.rel1.win32_1.1.100.202309141235/tools/bin/../lib/gcc/arm-none-eabi/11.3.1/../../../../arm-none-eabi/lib/thumb/v7e-m+fp/hard\libc_nano.a(libc_a-init.o)
 .debug_frame   0x0000000000003734       0xac C:/ST/STM32CubeIDE_1.10.1/STM32CubeIDE/plugins/com.st.stm32cube.ide.mcu.externaltools.gnu-tools-for-stm32.11.3.rel1.win32_1.1.100.202309141235/tools/bin/../lib/gcc/arm-none-eabi/11.3.1/thumb/v7e-m+fp/hard\libgcc.a(_arm_addsubdf3.o)
 .debug_frame   0x00000000000037e0       0x50 C:/ST/STM32CubeIDE_1.10.1/STM32CubeIDE/plugins/com.st.stm32cube.ide.mcu.externaltools.gnu-tools-for-stm32.11.3.rel1.win32_1.1.100.202309141235/tools/bin/../lib/gcc/arm-none-eabi/11.3.1/thumb/v7e-m+fp/hard\libgcc.a(_arm_muldivdf3.o)
 .debug_frame   0x0000000000003830       0x24 C:/ST/STM32CubeIDE_1.10.1/STM32CubeIDE/plugins/com.st.stm32cube.ide.mcu.externaltools.gnu-tools-for-stm32.11.3.rel1.win32_1.1.100.202309141235/tools/bin/../lib/gcc/arm-none-eabi/11.3.1/thumb/v7e-m+fp/hard\libgcc.a(_arm_fixunsdfsi.o)
 .debug_frame   0x0000000000003854       0x2c C:/ST/STM32CubeIDE_1.10.1/STM32CubeIDE/plugins/com.st.stm32cube.ide.mcu.externaltools.gnu-tools-for-stm32.11.3.rel1.win32_1.1.100.202309141235/tools/bin/../lib/gcc/arm-none-eabi/11.3.1/thumb/v7e-m+fp/hard\libgcc.a(_aeabi_uldivmod.o)
 .debug_frame   0x0000000000003880       0x34 C:/ST/STM32CubeIDE_1.10.1/STM32CubeIDE/plugins/com.st.stm32cube.ide.mcu.externaltools.gnu-tools-for-stm32.11.3.rel1.win32_1.1.100.202309141235/tools/bin/../lib/gcc/arm-none-eabi/11.3.1/thumb/v7e-m+fp/hard\libgcc.a(_udivmoddi4.o)

.debug_line_str
                0x0000000000000000       0xa5
 .debug_line_str
                0x0000000000000000       0xa5 ./Core/Startup/startup_stm32f401ccux.o
                                         0xbd (size before relaxing)
